Classic Timing Analyzer report for Week15
Mon Jun 02 00:22:28 2025
Quartus II Version 9.1 Build 350 03/24/2010 Service Pack 2 SJ Web Edition


---------------------
; Table of Contents ;
---------------------
  1. Legal Notice
  2. Timing Analyzer Summary
  3. Timing Analyzer Settings
  4. Clock Settings Summary
  5. Parallel Compilation
  6. Clock Setup: 'Clock'
  7. Clock Hold: 'Clock'
  8. tco
  9. Timing Analyzer Messages



----------------
; Legal Notice ;
----------------
Copyright (C) 1991-2010 Altera Corporation
Your use of Altera Corporation's design tools, logic functions 
and other software and tools, and its AMPP partner logic 
functions, and any output files from any of the foregoing 
(including device programming or simulation files), and any 
associated documentation or information are expressly subject 
to the terms and conditions of the Altera Program License 
Subscription Agreement, Altera MegaCore Function License 
Agreement, or other applicable license agreement, including, 
without limitation, that your use is for the sole purpose of 
programming logic devices manufactured by Altera and sold by 
Altera or its authorized distributors.  Please refer to the 
applicable agreement for further details.



+---------------------------------------------------------------------------------------------------------------------------------------------------------------------------------------------------------------------------------------------------+
; Timing Analyzer Summary                                                                                                                                                                                                                           ;
+------------------------------+------------------------------------------+---------------+----------------------------------+---------------------------------------+---------------------------------------+------------+----------+--------------+
; Type                         ; Slack                                    ; Required Time ; Actual Time                      ; From                                  ; To                                    ; From Clock ; To Clock ; Failed Paths ;
+------------------------------+------------------------------------------+---------------+----------------------------------+---------------------------------------+---------------------------------------+------------+----------+--------------+
; Worst-case tco               ; N/A                                      ; None          ; 11.701 ns                        ; Switch:inst|74161:inst10|f74161:sub|9 ; DG                                    ; Clock      ; --       ; 0            ;
; Clock Setup: 'Clock'         ; N/A                                      ; None          ; 323.21 MHz ( period = 3.094 ns ) ; Switch:inst|74161:inst10|f74161:sub|9 ; Switch:inst|74161:inst10|f74161:sub|9 ; Clock      ; Clock    ; 0            ;
; Clock Hold: 'Clock'          ; Not operational: Clock Skew > Data Delay ; None          ; N/A                              ; Switch:inst|74161:inst10|f74161:sub|9 ; Switch:inst|74161:inst10|f74161:sub|9 ; Clock      ; Clock    ; 1            ;
; Total number of failed paths ;                                          ;               ;                                  ;                                       ;                                       ;            ;          ; 1            ;
+------------------------------+------------------------------------------+---------------+----------------------------------+---------------------------------------+---------------------------------------+------------+----------+--------------+


+-----------------------------------------------------------------------------------------------------------------------------------------------------+
; Timing Analyzer Settings                                                                                                                            ;
+------------------------------------------------------------------------------------------------------+--------------------+------+----+-------------+
; Option                                                                                               ; Setting            ; From ; To ; Entity Name ;
+------------------------------------------------------------------------------------------------------+--------------------+------+----+-------------+
; Device Name                                                                                          ; EP2C5T144C6        ;      ;    ;             ;
; Timing Models                                                                                        ; Final              ;      ;    ;             ;
; Default hold multicycle                                                                              ; Same as Multicycle ;      ;    ;             ;
; Cut paths between unrelated clock domains                                                            ; On                 ;      ;    ;             ;
; Cut off read during write signal paths                                                               ; On                 ;      ;    ;             ;
; Cut off feedback from I/O pins                                                                       ; On                 ;      ;    ;             ;
; Report Combined Fast/Slow Timing                                                                     ; Off                ;      ;    ;             ;
; Ignore Clock Settings                                                                                ; Off                ;      ;    ;             ;
; Analyze latches as synchronous elements                                                              ; On                 ;      ;    ;             ;
; Enable Recovery/Removal analysis                                                                     ; Off                ;      ;    ;             ;
; Enable Clock Latency                                                                                 ; Off                ;      ;    ;             ;
; Use TimeQuest Timing Analyzer                                                                        ; Off                ;      ;    ;             ;
; Number of source nodes to report per destination node                                                ; 10                 ;      ;    ;             ;
; Number of destination nodes to report                                                                ; 10                 ;      ;    ;             ;
; Number of paths to report                                                                            ; 200                ;      ;    ;             ;
; Report Minimum Timing Checks                                                                         ; Off                ;      ;    ;             ;
; Use Fast Timing Models                                                                               ; Off                ;      ;    ;             ;
; Report IO Paths Separately                                                                           ; Off                ;      ;    ;             ;
; Perform Multicorner Analysis                                                                         ; On                 ;      ;    ;             ;
; Reports the worst-case path for each clock domain and analysis                                       ; Off                ;      ;    ;             ;
; Reports worst-case timing paths for each clock domain and analysis                                   ; On                 ;      ;    ;             ;
; Specifies the maximum number of worst-case timing paths to report for each clock domain and analysis ; 100                ;      ;    ;             ;
; Removes common clock path pessimism (CCPP) during slack computation                                  ; Off                ;      ;    ;             ;
; Output I/O Timing Endpoint                                                                           ; Near End           ;      ;    ;             ;
+------------------------------------------------------------------------------------------------------+--------------------+------+----+-------------+


+------------------------------------------------------------------------------------------------------------------------------------------------------------------------------------+
; Clock Settings Summary                                                                                                                                                             ;
+-----------------+--------------------+----------+------------------+---------------+--------------+----------+-----------------------+---------------------+--------+--------------+
; Clock Node Name ; Clock Setting Name ; Type     ; Fmax Requirement ; Early Latency ; Late Latency ; Based on ; Multiply Base Fmax by ; Divide Base Fmax by ; Offset ; Phase offset ;
+-----------------+--------------------+----------+------------------+---------------+--------------+----------+-----------------------+---------------------+--------+--------------+
; Clock           ;                    ; User Pin ; None             ; 0.000 ns      ; 0.000 ns     ; --       ; N/A                   ; N/A                 ; N/A    ;              ;
+-----------------+--------------------+----------+------------------+---------------+--------------+----------+-----------------------+---------------------+--------+--------------+


Parallel compilation was disabled, but you have multiple processors available. Enable parallel compilation to reduce compilation time.
+-------------------------------------+
; Parallel Compilation                ;
+----------------------------+--------+
; Processors                 ; Number ;
+----------------------------+--------+
; Number detected on machine ; 8      ;
; Maximum allowed            ; 1      ;
+----------------------------+--------+


+----------------------------------------------------------------------------------------------------------------------------------------------------------------------------------------------------------------------------------------------------+
; Clock Setup: 'Clock'                                                                                                                                                                                                                               ;
+-------+------------------------------------------------+---------------------------------------+---------------------------------------+------------+----------+-----------------------------+---------------------------+-------------------------+
; Slack ; Actual fmax (period)                           ; From                                  ; To                                    ; From Clock ; To Clock ; Required Setup Relationship ; Required Longest P2P Time ; Actual Longest P2P Time ;
+-------+------------------------------------------------+---------------------------------------+---------------------------------------+------------+----------+-----------------------------+---------------------------+-------------------------+
; N/A   ; 323.21 MHz ( period = 3.094 ns )               ; Switch:inst|74161:inst10|f74161:sub|9 ; Switch:inst|74161:inst10|f74161:sub|9 ; Clock      ; Clock    ; None                        ; None                      ; 0.407 ns                ;
; N/A   ; Restricted to 450.05 MHz ( period = 2.222 ns ) ; mod10:inst1|74161:inst|f74161:sub|99  ; mod10:inst1|74161:inst|f74161:sub|110 ; Clock      ; Clock    ; None                        ; None                      ; 1.427 ns                ;
; N/A   ; Restricted to 450.05 MHz ( period = 2.222 ns ) ; mod10:inst1|74161:inst|f74161:sub|87  ; mod10:inst1|74161:inst|f74161:sub|110 ; Clock      ; Clock    ; None                        ; None                      ; 1.130 ns                ;
; N/A   ; Restricted to 450.05 MHz ( period = 2.222 ns ) ; mod10:inst1|74161:inst|f74161:sub|110 ; mod10:inst1|74161:inst|f74161:sub|9   ; Clock      ; Clock    ; None                        ; None                      ; 1.542 ns                ;
; N/A   ; Restricted to 450.05 MHz ( period = 2.222 ns ) ; mod10:inst1|74161:inst|f74161:sub|110 ; mod10:inst1|74161:inst|f74161:sub|110 ; Clock      ; Clock    ; None                        ; None                      ; 1.538 ns                ;
; N/A   ; Restricted to 450.05 MHz ( period = 2.222 ns ) ; mod10:inst1|74161:inst|f74161:sub|110 ; mod10:inst1|74161:inst|f74161:sub|99  ; Clock      ; Clock    ; None                        ; None                      ; 1.980 ns                ;
; N/A   ; Restricted to 450.05 MHz ( period = 2.222 ns ) ; mod10:inst1|74161:inst|f74161:sub|9   ; mod10:inst1|74161:inst|f74161:sub|110 ; Clock      ; Clock    ; None                        ; None                      ; 1.268 ns                ;
; N/A   ; Restricted to 450.05 MHz ( period = 2.222 ns ) ; mod10:inst1|74161:inst|f74161:sub|9   ; mod10:inst1|74161:inst|f74161:sub|9   ; Clock      ; Clock    ; None                        ; None                      ; 1.250 ns                ;
; N/A   ; Restricted to 450.05 MHz ( period = 2.222 ns ) ; mod10:inst1|74161:inst|f74161:sub|9   ; mod10:inst1|74161:inst|f74161:sub|99  ; Clock      ; Clock    ; None                        ; None                      ; 1.688 ns                ;
; N/A   ; Restricted to 450.05 MHz ( period = 2.222 ns ) ; mod10:inst1|74161:inst|f74161:sub|110 ; mod10:inst1|74161:inst|f74161:sub|87  ; Clock      ; Clock    ; None                        ; None                      ; 1.675 ns                ;
; N/A   ; Restricted to 450.05 MHz ( period = 2.222 ns ) ; mod6:inst3|74161:inst|f74161:sub|9    ; mod6:inst3|74161:inst|f74161:sub|99   ; Clock      ; Clock    ; None                        ; None                      ; 0.827 ns                ;
; N/A   ; Restricted to 450.05 MHz ( period = 2.222 ns ) ; mod6:inst3|74161:inst|f74161:sub|99   ; mod6:inst3|74161:inst|f74161:sub|87   ; Clock      ; Clock    ; None                        ; None                      ; 0.822 ns                ;
; N/A   ; Restricted to 450.05 MHz ( period = 2.222 ns ) ; mod6:inst3|74161:inst|f74161:sub|9    ; mod6:inst3|74161:inst|f74161:sub|87   ; Clock      ; Clock    ; None                        ; None                      ; 0.734 ns                ;
; N/A   ; Restricted to 450.05 MHz ( period = 2.222 ns ) ; mod10:inst1|74161:inst|f74161:sub|87  ; mod10:inst1|74161:inst|f74161:sub|99  ; Clock      ; Clock    ; None                        ; None                      ; 1.014 ns                ;
; N/A   ; Restricted to 450.05 MHz ( period = 2.222 ns ) ; mod10:inst1|74161:inst|f74161:sub|9   ; mod10:inst1|74161:inst|f74161:sub|87  ; Clock      ; Clock    ; None                        ; None                      ; 1.383 ns                ;
; N/A   ; Restricted to 450.05 MHz ( period = 2.222 ns ) ; mod6:inst3|74161:inst|f74161:sub|87   ; mod6:inst3|74161:inst|f74161:sub|99   ; Clock      ; Clock    ; None                        ; None                      ; 0.540 ns                ;
; N/A   ; Restricted to 450.05 MHz ( period = 2.222 ns ) ; mod6:inst3|74161:inst|f74161:sub|9    ; mod6:inst3|74161:inst|f74161:sub|9    ; Clock      ; Clock    ; None                        ; None                      ; 0.407 ns                ;
; N/A   ; Restricted to 450.05 MHz ( period = 2.222 ns ) ; mod6:inst3|74161:inst|f74161:sub|99   ; mod6:inst3|74161:inst|f74161:sub|99   ; Clock      ; Clock    ; None                        ; None                      ; 0.407 ns                ;
; N/A   ; Restricted to 450.05 MHz ( period = 2.222 ns ) ; mod6:inst3|74161:inst|f74161:sub|87   ; mod6:inst3|74161:inst|f74161:sub|87   ; Clock      ; Clock    ; None                        ; None                      ; 0.407 ns                ;
; N/A   ; Restricted to 450.05 MHz ( period = 2.222 ns ) ; mod10:inst1|74161:inst|f74161:sub|99  ; mod10:inst1|74161:inst|f74161:sub|99  ; Clock      ; Clock    ; None                        ; None                      ; 0.407 ns                ;
; N/A   ; Restricted to 450.05 MHz ( period = 2.222 ns ) ; mod10:inst1|74161:inst|f74161:sub|87  ; mod10:inst1|74161:inst|f74161:sub|87  ; Clock      ; Clock    ; None                        ; None                      ; 0.407 ns                ;
+-------+------------------------------------------------+---------------------------------------+---------------------------------------+------------+----------+-----------------------------+---------------------------+-------------------------+


+---------------------------------------------------------------------------------------------------------------------------------------------------------------------------------------------------------------------------------------+
; Clock Hold: 'Clock'                                                                                                                                                                                                                   ;
+------------------------------------------+---------------------------------------+---------------------------------------+------------+----------+----------------------------+----------------------------+--------------------------+
; Minimum Slack                            ; From                                  ; To                                    ; From Clock ; To Clock ; Required Hold Relationship ; Required Shortest P2P Time ; Actual Shortest P2P Time ;
+------------------------------------------+---------------------------------------+---------------------------------------+------------+----------+----------------------------+----------------------------+--------------------------+
; Not operational: Clock Skew > Data Delay ; Switch:inst|74161:inst10|f74161:sub|9 ; Switch:inst|74161:inst10|f74161:sub|9 ; Clock      ; Clock    ; None                       ; None                       ; 0.407 ns                 ;
+------------------------------------------+---------------------------------------+---------------------------------------+------------+----------+----------------------------+----------------------------+--------------------------+


+---------------------------------------------------------------------------------------------+
; tco                                                                                         ;
+-------+--------------+------------+---------------------------------------+----+------------+
; Slack ; Required tco ; Actual tco ; From                                  ; To ; From Clock ;
+-------+--------------+------------+---------------------------------------+----+------------+
; N/A   ; None         ; 11.701 ns  ; Switch:inst|74161:inst10|f74161:sub|9 ; DG ; Clock      ;
; N/A   ; None         ; 11.126 ns  ; Switch:inst|74161:inst10|f74161:sub|9 ; EG ; Clock      ;
; N/A   ; None         ; 9.772 ns   ; Switch:inst|74161:inst10|f74161:sub|9 ; DR ; Clock      ;
; N/A   ; None         ; 9.729 ns   ; Switch:inst|74161:inst10|f74161:sub|9 ; ER ; Clock      ;
; N/A   ; None         ; 9.625 ns   ; mod6:inst3|74161:inst|f74161:sub|99   ; D6 ; Clock      ;
; N/A   ; None         ; 9.133 ns   ; mod6:inst3|74161:inst|f74161:sub|99   ; E6 ; Clock      ;
; N/A   ; None         ; 9.119 ns   ; mod6:inst3|74161:inst|f74161:sub|87   ; D6 ; Clock      ;
; N/A   ; None         ; 8.876 ns   ; mod6:inst3|74161:inst|f74161:sub|99   ; E7 ; Clock      ;
; N/A   ; None         ; 8.627 ns   ; mod6:inst3|74161:inst|f74161:sub|87   ; E6 ; Clock      ;
; N/A   ; None         ; 8.555 ns   ; mod6:inst3|74161:inst|f74161:sub|99   ; D7 ; Clock      ;
; N/A   ; None         ; 8.518 ns   ; mod10:inst1|74161:inst|f74161:sub|87  ; D3 ; Clock      ;
; N/A   ; None         ; 8.370 ns   ; mod6:inst3|74161:inst|f74161:sub|87   ; E7 ; Clock      ;
; N/A   ; None         ; 8.049 ns   ; mod6:inst3|74161:inst|f74161:sub|87   ; D7 ; Clock      ;
; N/A   ; None         ; 8.035 ns   ; mod6:inst3|74161:inst|f74161:sub|9    ; D4 ; Clock      ;
; N/A   ; None         ; 7.957 ns   ; mod6:inst3|74161:inst|f74161:sub|87   ; E5 ; Clock      ;
; N/A   ; None         ; 7.925 ns   ; mod6:inst3|74161:inst|f74161:sub|87   ; D5 ; Clock      ;
; N/A   ; None         ; 7.849 ns   ; mod10:inst1|74161:inst|f74161:sub|99  ; D3 ; Clock      ;
; N/A   ; None         ; 7.809 ns   ; mod10:inst1|74161:inst|f74161:sub|87  ; D2 ; Clock      ;
; N/A   ; None         ; 7.651 ns   ; mod10:inst1|74161:inst|f74161:sub|87  ; E3 ; Clock      ;
; N/A   ; None         ; 7.621 ns   ; mod6:inst3|74161:inst|f74161:sub|9    ; E4 ; Clock      ;
; N/A   ; None         ; 7.493 ns   ; mod10:inst1|74161:inst|f74161:sub|87  ; E2 ; Clock      ;
; N/A   ; None         ; 7.278 ns   ; mod10:inst1|74161:inst|f74161:sub|110 ; D3 ; Clock      ;
; N/A   ; None         ; 7.004 ns   ; mod10:inst1|74161:inst|f74161:sub|99  ; D2 ; Clock      ;
; N/A   ; None         ; 6.982 ns   ; mod10:inst1|74161:inst|f74161:sub|99  ; E3 ; Clock      ;
; N/A   ; None         ; 6.688 ns   ; mod10:inst1|74161:inst|f74161:sub|99  ; E2 ; Clock      ;
; N/A   ; None         ; 6.411 ns   ; mod10:inst1|74161:inst|f74161:sub|110 ; E3 ; Clock      ;
; N/A   ; None         ; 6.337 ns   ; mod10:inst1|74161:inst|f74161:sub|87  ; D1 ; Clock      ;
; N/A   ; None         ; 6.127 ns   ; mod10:inst1|74161:inst|f74161:sub|87  ; E1 ; Clock      ;
; N/A   ; None         ; 5.641 ns   ; mod10:inst1|74161:inst|f74161:sub|9   ; E0 ; Clock      ;
; N/A   ; None         ; 5.558 ns   ; mod10:inst1|74161:inst|f74161:sub|9   ; D0 ; Clock      ;
+-------+--------------+------------+---------------------------------------+----+------------+


+--------------------------+
; Timing Analyzer Messages ;
+--------------------------+
Info: *******************************************************************
Info: Running Quartus II Classic Timing Analyzer
    Info: Version 9.1 Build 350 03/24/2010 Service Pack 2 SJ Web Edition
    Info: Processing started: Mon Jun 02 00:22:28 2025
Info: Command: quartus_tan --read_settings_files=off --write_settings_files=off Week15 -c Week15 --timing_analysis_only
Warning: Found pins functioning as undefined clocks and/or memory enables
    Info: Assuming node "Clock" is an undefined clock
Warning: Found 6 node(s) in clock paths which may be acting as ripple and/or gated clocks -- node(s) analyzed as buffer(s) resulting in clock skew
    Info: Detected gated clock "mod10:inst1|inst1" as buffer
    Info: Detected ripple clock "mod10:inst1|74161:inst|f74161:sub|110" as buffer
    Info: Detected ripple clock "mod6:inst3|74161:inst|f74161:sub|99" as buffer
    Info: Detected ripple clock "mod10:inst1|74161:inst|f74161:sub|9" as buffer
    Info: Detected ripple clock "mod6:inst3|74161:inst|f74161:sub|9" as buffer
    Info: Detected gated clock "inst18" as buffer
Info: Clock "Clock" has Internal fmax of 323.21 MHz between source register "Switch:inst|74161:inst10|f74161:sub|9" and destination register "Switch:inst|74161:inst10|f74161:sub|9" (period= 3.094 ns)
    Info: + Longest register to register delay is 0.407 ns
        Info: 1: + IC(0.000 ns) + CELL(0.000 ns) = 0.000 ns; Loc. = LCFF_X1_Y6_N17; Fanout = 5; REG Node = 'Switch:inst|74161:inst10|f74161:sub|9'
        Info: 2: + IC(0.000 ns) + CELL(0.323 ns) = 0.323 ns; Loc. = LCCOMB_X1_Y6_N16; Fanout = 1; COMB Node = 'Switch:inst|74161:inst10|f74161:sub|9~0'
        Info: 3: + IC(0.000 ns) + CELL(0.084 ns) = 0.407 ns; Loc. = LCFF_X1_Y6_N17; Fanout = 5; REG Node = 'Switch:inst|74161:inst10|f74161:sub|9'
        Info: Total cell delay = 0.407 ns ( 100.00 % )
    Info: - Smallest clock skew is -2.473 ns
        Info: + Shortest clock path from clock "Clock" to destination register is 3.308 ns
            Info: 1: + IC(0.000 ns) + CELL(0.964 ns) = 0.964 ns; Loc. = PIN_17; Fanout = 3; CLK Node = 'Clock'
            Info: 2: + IC(0.332 ns) + CELL(0.787 ns) = 2.083 ns; Loc. = LCFF_X1_Y6_N11; Fanout = 4; REG Node = 'mod10:inst1|74161:inst|f74161:sub|110'
            Info: 3: + IC(0.314 ns) + CELL(0.150 ns) = 2.547 ns; Loc. = LCCOMB_X1_Y6_N24; Fanout = 1; COMB Node = 'inst18'
            Info: 4: + IC(0.224 ns) + CELL(0.537 ns) = 3.308 ns; Loc. = LCFF_X1_Y6_N17; Fanout = 5; REG Node = 'Switch:inst|74161:inst10|f74161:sub|9'
            Info: Total cell delay = 2.438 ns ( 73.70 % )
            Info: Total interconnect delay = 0.870 ns ( 26.30 % )
        Info: - Longest clock path from clock "Clock" to source register is 5.781 ns
            Info: 1: + IC(0.000 ns) + CELL(0.964 ns) = 0.964 ns; Loc. = PIN_17; Fanout = 3; CLK Node = 'Clock'
            Info: 2: + IC(0.332 ns) + CELL(0.787 ns) = 2.083 ns; Loc. = LCFF_X1_Y6_N11; Fanout = 4; REG Node = 'mod10:inst1|74161:inst|f74161:sub|110'
            Info: 3: + IC(0.331 ns) + CELL(0.438 ns) = 2.852 ns; Loc. = LCCOMB_X1_Y6_N4; Fanout = 7; COMB Node = 'mod10:inst1|inst1'
            Info: 4: + IC(0.422 ns) + CELL(0.787 ns) = 4.061 ns; Loc. = LCFF_X2_Y6_N17; Fanout = 6; REG Node = 'mod6:inst3|74161:inst|f74161:sub|9'
            Info: 5: + IC(0.521 ns) + CELL(0.438 ns) = 5.020 ns; Loc. = LCCOMB_X1_Y6_N24; Fanout = 1; COMB Node = 'inst18'
            Info: 6: + IC(0.224 ns) + CELL(0.537 ns) = 5.781 ns; Loc. = LCFF_X1_Y6_N17; Fanout = 5; REG Node = 'Switch:inst|74161:inst10|f74161:sub|9'
            Info: Total cell delay = 3.951 ns ( 68.34 % )
            Info: Total interconnect delay = 1.830 ns ( 31.66 % )
    Info: + Micro clock to output delay of source is 0.250 ns
    Info: + Micro setup delay of destination is -0.036 ns
Warning: Circuit may not operate. Detected 1 non-operational path(s) clocked by clock "Clock" with clock skew larger than data delay. See Compilation Report for details.
Info: Found hold time violation between source  pin or register "Switch:inst|74161:inst10|f74161:sub|9" and destination pin or register "Switch:inst|74161:inst10|f74161:sub|9" for clock "Clock" (Hold time is 2.082 ns)
    Info: + Largest clock skew is 2.473 ns
        Info: + Longest clock path from clock "Clock" to destination register is 5.781 ns
            Info: 1: + IC(0.000 ns) + CELL(0.964 ns) = 0.964 ns; Loc. = PIN_17; Fanout = 3; CLK Node = 'Clock'
            Info: 2: + IC(0.332 ns) + CELL(0.787 ns) = 2.083 ns; Loc. = LCFF_X1_Y6_N11; Fanout = 4; REG Node = 'mod10:inst1|74161:inst|f74161:sub|110'
            Info: 3: + IC(0.331 ns) + CELL(0.438 ns) = 2.852 ns; Loc. = LCCOMB_X1_Y6_N4; Fanout = 7; COMB Node = 'mod10:inst1|inst1'
            Info: 4: + IC(0.422 ns) + CELL(0.787 ns) = 4.061 ns; Loc. = LCFF_X2_Y6_N17; Fanout = 6; REG Node = 'mod6:inst3|74161:inst|f74161:sub|9'
            Info: 5: + IC(0.521 ns) + CELL(0.438 ns) = 5.020 ns; Loc. = LCCOMB_X1_Y6_N24; Fanout = 1; COMB Node = 'inst18'
            Info: 6: + IC(0.224 ns) + CELL(0.537 ns) = 5.781 ns; Loc. = LCFF_X1_Y6_N17; Fanout = 5; REG Node = 'Switch:inst|74161:inst10|f74161:sub|9'
            Info: Total cell delay = 3.951 ns ( 68.34 % )
            Info: Total interconnect delay = 1.830 ns ( 31.66 % )
        Info: - Shortest clock path from clock "Clock" to source register is 3.308 ns
            Info: 1: + IC(0.000 ns) + CELL(0.964 ns) = 0.964 ns; Loc. = PIN_17; Fanout = 3; CLK Node = 'Clock'
            Info: 2: + IC(0.332 ns) + CELL(0.787 ns) = 2.083 ns; Loc. = LCFF_X1_Y6_N11; Fanout = 4; REG Node = 'mod10:inst1|74161:inst|f74161:sub|110'
            Info: 3: + IC(0.314 ns) + CELL(0.150 ns) = 2.547 ns; Loc. = LCCOMB_X1_Y6_N24; Fanout = 1; COMB Node = 'inst18'
            Info: 4: + IC(0.224 ns) + CELL(0.537 ns) = 3.308 ns; Loc. = LCFF_X1_Y6_N17; Fanout = 5; REG Node = 'Switch:inst|74161:inst10|f74161:sub|9'
            Info: Total cell delay = 2.438 ns ( 73.70 % )
            Info: Total interconnect delay = 0.870 ns ( 26.30 % )
    Info: - Micro clock to output delay of source is 0.250 ns
    Info: - Shortest register to register delay is 0.407 ns
        Info: 1: + IC(0.000 ns) + CELL(0.000 ns) = 0.000 ns; Loc. = LCFF_X1_Y6_N17; Fanout = 5; REG Node = 'Switch:inst|74161:inst10|f74161:sub|9'
        Info: 2: + IC(0.000 ns) + CELL(0.323 ns) = 0.323 ns; Loc. = LCCOMB_X1_Y6_N16; Fanout = 1; COMB Node = 'Switch:inst|74161:inst10|f74161:sub|9~0'
        Info: 3: + IC(0.000 ns) + CELL(0.084 ns) = 0.407 ns; Loc. = LCFF_X1_Y6_N17; Fanout = 5; REG Node = 'Switch:inst|74161:inst10|f74161:sub|9'
        Info: Total cell delay = 0.407 ns ( 100.00 % )
    Info: + Micro hold delay of destination is 0.266 ns
Info: tco from clock "Clock" to destination pin "DG" through register "Switch:inst|74161:inst10|f74161:sub|9" is 11.701 ns
    Info: + Longest clock path from clock "Clock" to source register is 5.781 ns
        Info: 1: + IC(0.000 ns) + CELL(0.964 ns) = 0.964 ns; Loc. = PIN_17; Fanout = 3; CLK Node = 'Clock'
        Info: 2: + IC(0.332 ns) + CELL(0.787 ns) = 2.083 ns; Loc. = LCFF_X1_Y6_N11; Fanout = 4; REG Node = 'mod10:inst1|74161:inst|f74161:sub|110'
        Info: 3: + IC(0.331 ns) + CELL(0.438 ns) = 2.852 ns; Loc. = LCCOMB_X1_Y6_N4; Fanout = 7; COMB Node = 'mod10:inst1|inst1'
        Info: 4: + IC(0.422 ns) + CELL(0.787 ns) = 4.061 ns; Loc. = LCFF_X2_Y6_N17; Fanout = 6; REG Node = 'mod6:inst3|74161:inst|f74161:sub|9'
        Info: 5: + IC(0.521 ns) + CELL(0.438 ns) = 5.020 ns; Loc. = LCCOMB_X1_Y6_N24; Fanout = 1; COMB Node = 'inst18'
        Info: 6: + IC(0.224 ns) + CELL(0.537 ns) = 5.781 ns; Loc. = LCFF_X1_Y6_N17; Fanout = 5; REG Node = 'Switch:inst|74161:inst10|f74161:sub|9'
        Info: Total cell delay = 3.951 ns ( 68.34 % )
        Info: Total interconnect delay = 1.830 ns ( 31.66 % )
    Info: + Micro clock to output delay of source is 0.250 ns
    Info: + Longest register to pin delay is 5.670 ns
        Info: 1: + IC(0.000 ns) + CELL(0.000 ns) = 0.000 ns; Loc. = LCFF_X1_Y6_N17; Fanout = 5; REG Node = 'Switch:inst|74161:inst10|f74161:sub|9'
        Info: 2: + IC(3.152 ns) + CELL(2.518 ns) = 5.670 ns; Loc. = PIN_71; Fanout = 0; PIN Node = 'DG'
        Info: Total cell delay = 2.518 ns ( 44.41 % )
        Info: Total interconnect delay = 3.152 ns ( 55.59 % )
Info: Quartus II Classic Timing Analyzer was successful. 0 errors, 3 warnings
    Info: Peak virtual memory: 190 megabytes
    Info: Processing ended: Mon Jun 02 00:22:28 2025
    Info: Elapsed time: 00:00:00
    Info: Total CPU time (on all processors): 00:00:00


