Fitter report for Week15
Mon Jun 02 00:22:26 2025
Quartus II Version 9.1 Build 350 03/24/2010 Service Pack 2 SJ Web Edition


---------------------
; Table of Contents ;
---------------------
  1. Legal Notice
  2. Fitter Summary
  3. Fitter Settings
  4. Parallel Compilation
  5. Incremental Compilation Preservation Summary
  6. Incremental Compilation Partition Settings
  7. Incremental Compilation Placement Preservation
  8. Pin-Out File
  9. Fitter Resource Usage Summary
 10. Input Pins
 11. Output Pins
 12. I/O Bank Usage
 13. All Package Pins
 14. Output Pin Default Load For Reported TCO
 15. Fitter Resource Utilization by Entity
 16. Delay Chain Summary
 17. Pad To Core Delay Chain Fanout
 18. Control Signals
 19. Global & Other Fast Signals
 20. Non-Global High Fan-Out Signals
 21. Interconnect Usage Summary
 22. LAB Logic Elements
 23. LAB-wide Signals
 24. LAB Signals Sourced
 25. LAB Signals Sourced Out
 26. LAB Distinct Inputs
 27. Fitter Device Options
 28. Operating Settings and Conditions
 29. Estimated Delay Added for Hold Timing
 30. Fitter Messages



----------------
; Legal Notice ;
----------------
Copyright (C) 1991-2010 Altera Corporation
Your use of Altera Corporation's design tools, logic functions 
and other software and tools, and its AMPP partner logic 
functions, and any output files from any of the foregoing 
(including device programming or simulation files), and any 
associated documentation or information are expressly subject 
to the terms and conditions of the Altera Program License 
Subscription Agreement, Altera MegaCore Function License 
Agreement, or other applicable license agreement, including, 
without limitation, that your use is for the sole purpose of 
programming logic devices manufactured by Altera and sold by 
Altera or its authorized distributors.  Please refer to the 
applicable agreement for further details.



+-----------------------------------------------------------------------------------+
; Fitter Summary                                                                    ;
+------------------------------------+----------------------------------------------+
; Fitter Status                      ; Successful - Mon Jun 02 00:22:26 2025        ;
; Quartus II Version                 ; 9.1 Build 350 03/24/2010 SP 2 SJ Web Edition ;
; Revision Name                      ; Week15                                       ;
; Top-level Entity Name              ; Countdown                                    ;
; Family                             ; Cyclone II                                   ;
; Device                             ; EP2C5T144C6                                  ;
; Timing Models                      ; Final                                        ;
; Total logic elements               ; 15 / 4,608 ( < 1 % )                         ;
;     Total combinational functions  ; 15 / 4,608 ( < 1 % )                         ;
;     Dedicated logic registers      ; 8 / 4,608 ( < 1 % )                          ;
; Total registers                    ; 8                                            ;
; Total pins                         ; 21 / 89 ( 24 % )                             ;
; Total virtual pins                 ; 0                                            ;
; Total memory bits                  ; 0 / 119,808 ( 0 % )                          ;
; Embedded Multiplier 9-bit elements ; 0 / 26 ( 0 % )                               ;
; Total PLLs                         ; 0 / 2 ( 0 % )                                ;
+------------------------------------+----------------------------------------------+


+----------------------------------------------------------------------------------------------------------------------------------------------+
; Fitter Settings                                                                                                                              ;
+----------------------------------------------------------------------------+--------------------------------+--------------------------------+
; Option                                                                     ; Setting                        ; Default Value                  ;
+----------------------------------------------------------------------------+--------------------------------+--------------------------------+
; Device                                                                     ; AUTO                           ;                                ;
; Fit Attempts to Skip                                                       ; 0                              ; 0.0                            ;
; Device I/O Standard                                                        ; 2.5 V                          ;                                ;
; Use smart compilation                                                      ; Off                            ; Off                            ;
; Enable parallel Assembler and TimeQuest Timing Analyzer during compilation ; On                             ; On                             ;
; Enable compact report table                                                ; Off                            ; Off                            ;
; Use TimeQuest Timing Analyzer                                              ; Off                            ; Off                            ;
; Router Timing Optimization Level                                           ; Normal                         ; Normal                         ;
; Placement Effort Multiplier                                                ; 1.0                            ; 1.0                            ;
; Router Effort Multiplier                                                   ; 1.0                            ; 1.0                            ;
; Always Enable Input Buffers                                                ; Off                            ; Off                            ;
; Optimize Hold Timing                                                       ; IO Paths and Minimum TPD Paths ; IO Paths and Minimum TPD Paths ;
; Optimize Multi-Corner Timing                                               ; Off                            ; Off                            ;
; PowerPlay Power Optimization                                               ; Normal compilation             ; Normal compilation             ;
; Optimize Timing                                                            ; Normal compilation             ; Normal compilation             ;
; Optimize Timing for ECOs                                                   ; Off                            ; Off                            ;
; Regenerate full fit report during ECO compiles                             ; Off                            ; Off                            ;
; Optimize IOC Register Placement for Timing                                 ; On                             ; On                             ;
; Limit to One Fitting Attempt                                               ; Off                            ; Off                            ;
; Final Placement Optimizations                                              ; Automatically                  ; Automatically                  ;
; Fitter Aggressive Routability Optimizations                                ; Automatically                  ; Automatically                  ;
; Fitter Initial Placement Seed                                              ; 1                              ; 1                              ;
; PCI I/O                                                                    ; Off                            ; Off                            ;
; Weak Pull-Up Resistor                                                      ; Off                            ; Off                            ;
; Enable Bus-Hold Circuitry                                                  ; Off                            ; Off                            ;
; Auto Global Memory Control Signals                                         ; Off                            ; Off                            ;
; Auto Packed Registers                                                      ; Auto                           ; Auto                           ;
; Auto Delay Chains                                                          ; On                             ; On                             ;
; Auto Merge PLLs                                                            ; On                             ; On                             ;
; Ignore PLL Mode When Merging PLLs                                          ; Off                            ; Off                            ;
; Perform Physical Synthesis for Combinational Logic for Fitting             ; Off                            ; Off                            ;
; Perform Physical Synthesis for Combinational Logic for Performance         ; Off                            ; Off                            ;
; Perform Register Duplication for Performance                               ; Off                            ; Off                            ;
; Perform Logic to Memory Mapping for Fitting                                ; Off                            ; Off                            ;
; Perform Register Retiming for Performance                                  ; Off                            ; Off                            ;
; Perform Asynchronous Signal Pipelining                                     ; Off                            ; Off                            ;
; Fitter Effort                                                              ; Auto Fit                       ; Auto Fit                       ;
; Physical Synthesis Effort Level                                            ; Normal                         ; Normal                         ;
; Auto Global Clock                                                          ; On                             ; On                             ;
; Auto Global Register Control Signals                                       ; On                             ; On                             ;
; Stop After Congestion Map Generation                                       ; Off                            ; Off                            ;
; Save Intermediate Fitting Results                                          ; Off                            ; Off                            ;
; Force Fitter to Avoid Periphery Placement Warnings                         ; Off                            ; Off                            ;
; Use Best Effort Settings for Compilation                                   ; Off                            ; Off                            ;
+----------------------------------------------------------------------------+--------------------------------+--------------------------------+


Parallel compilation was disabled, but you have multiple processors available. Enable parallel compilation to reduce compilation time.
+-------------------------------------+
; Parallel Compilation                ;
+----------------------------+--------+
; Processors                 ; Number ;
+----------------------------+--------+
; Number detected on machine ; 8      ;
; Maximum allowed            ; 1      ;
+----------------------------+--------+


+----------------------------------------------+
; Incremental Compilation Preservation Summary ;
+-------------------------+--------------------+
; Type                    ; Value              ;
+-------------------------+--------------------+
; Placement               ;                    ;
;     -- Requested        ; 0 / 49 ( 0.00 % )  ;
;     -- Achieved         ; 0 / 49 ( 0.00 % )  ;
;                         ;                    ;
; Routing (by Connection) ;                    ;
;     -- Requested        ; 0 / 0 ( 0.00 % )   ;
;     -- Achieved         ; 0 / 0 ( 0.00 % )   ;
+-------------------------+--------------------+


+--------------------------------------------------------------------------------------------------------------------------------------------------+
; Incremental Compilation Partition Settings                                                                                                       ;
+----------------+----------------+-------------------+-------------------------+------------------------+------------------------------+----------+
; Partition Name ; Partition Type ; Netlist Type Used ; Preservation Level Used ; Netlist Type Requested ; Preservation Level Requested ; Contents ;
+----------------+----------------+-------------------+-------------------------+------------------------+------------------------------+----------+
; Top            ; User-created   ; Source File       ; N/A                     ; Source File            ; N/A                          ;          ;
+----------------+----------------+-------------------+-------------------------+------------------------+------------------------------+----------+


+--------------------------------------------------------------------------------------------+
; Incremental Compilation Placement Preservation                                             ;
+----------------+---------+-------------------+-------------------------+-------------------+
; Partition Name ; # Nodes ; # Preserved Nodes ; Preservation Level Used ; Netlist Type Used ;
+----------------+---------+-------------------+-------------------------+-------------------+
; Top            ; 49      ; 0                 ; N/A                     ; Source File       ;
+----------------+---------+-------------------+-------------------------+-------------------+


+--------------+
; Pin-Out File ;
+--------------+
The pin-out file can be found in D:/新建文件夹 (3)/Week15.pin.


+-----------------------------------------------------------------------------------+
; Fitter Resource Usage Summary                                                     ;
+---------------------------------------------+-------------------------------------+
; Resource                                    ; Usage                               ;
+---------------------------------------------+-------------------------------------+
; Total logic elements                        ; 15 / 4,608 ( < 1 % )                ;
;     -- Combinational with no register       ; 7                                   ;
;     -- Register only                        ; 0                                   ;
;     -- Combinational with a register        ; 8                                   ;
;                                             ;                                     ;
; Logic element usage by number of LUT inputs ;                                     ;
;     -- 4 input functions                    ; 3                                   ;
;     -- 3 input functions                    ; 4                                   ;
;     -- <=2 input functions                  ; 8                                   ;
;     -- Register only                        ; 0                                   ;
;                                             ;                                     ;
; Logic elements by mode                      ;                                     ;
;     -- normal mode                          ; 15                                  ;
;     -- arithmetic mode                      ; 0                                   ;
;                                             ;                                     ;
; Total registers*                            ; 8 / 4,851 ( < 1 % )                 ;
;     -- Dedicated logic registers            ; 8 / 4,608 ( < 1 % )                 ;
;     -- I/O registers                        ; 0 / 243 ( 0 % )                     ;
;                                             ;                                     ;
; Total LABs:  partially or completely used   ; 2 / 288 ( < 1 % )                   ;
; User inserted logic elements                ; 0                                   ;
; Virtual pins                                ; 0                                   ;
; I/O pins                                    ; 21 / 89 ( 24 % )                    ;
;     -- Clock pins                           ; 1 / 4 ( 25 % )                      ;
; Global signals                              ; 1                                   ;
; M4Ks                                        ; 0 / 26 ( 0 % )                      ;
; Total block memory bits                     ; 0 / 119,808 ( 0 % )                 ;
; Total block memory implementation bits      ; 0 / 119,808 ( 0 % )                 ;
; Embedded Multiplier 9-bit elements          ; 0 / 26 ( 0 % )                      ;
; PLLs                                        ; 0 / 2 ( 0 % )                       ;
; Global clocks                               ; 1 / 8 ( 13 % )                      ;
; JTAGs                                       ; 0 / 1 ( 0 % )                       ;
; ASMI blocks                                 ; 0 / 1 ( 0 % )                       ;
; CRC blocks                                  ; 0 / 1 ( 0 % )                       ;
; Average interconnect usage (total/H/V)      ; 0% / 0% / 0%                        ;
; Peak interconnect usage (total/H/V)         ; 0% / 0% / 0%                        ;
; Maximum fan-out node                        ; mod10:inst1|74161:inst|f74161:sub|9 ;
; Maximum fan-out                             ; 8                                   ;
; Highest non-global fan-out signal           ; mod10:inst1|74161:inst|f74161:sub|9 ;
; Highest non-global fan-out                  ; 8                                   ;
; Total fan-out                               ; 75                                  ;
; Average fan-out                             ; 1.56                                ;
+---------------------------------------------+-------------------------------------+
*  Register count does not include registers inside RAM blocks or DSP blocks.



+-------------------------------------------------------------------------------------------------------------------------------------------------------------------------------------------------------------------------------------------------------------+
; Input Pins                                                                                                                                                                                                                                                  ;
+-------+-------+----------+--------------+--------------+-------------+-----------------------+--------------------+--------+----------------+---------------+-----------------+----------+--------------+--------------+-------------+----------------------+
; Name  ; Pin # ; I/O Bank ; X coordinate ; Y coordinate ; Cell number ; Combinational Fan-Out ; Registered Fan-Out ; Global ; Input Register ; Power Up High ; PCI I/O Enabled ; Bus Hold ; Weak Pull Up ; I/O Standard ; Termination ; Location assigned by ;
+-------+-------+----------+--------------+--------------+-------------+-----------------------+--------------------+--------+----------------+---------------+-----------------+----------+--------------+--------------+-------------+----------------------+
; Clock ; 17    ; 1        ; 0            ; 6            ; 0           ; 3                     ; 0                  ; yes    ; no             ; no            ; no              ; no       ; Off          ; 2.5 V        ; Off         ; Fitter               ;
+-------+-------+----------+--------------+--------------+-------------+-----------------------+--------------------+--------+----------------+---------------+-----------------+----------+--------------+--------------+-------------+----------------------+


+------------------------------------------------------------------------------------------------------------------------------------------------------------------------------------------------------------------------------------------------------------------------------------------------------------------------------------+
; Output Pins                                                                                                                                                                                                                                                                                                                        ;
+------+-------+----------+--------------+--------------+-------------+-----------------+------------------------+---------------+-----------------+------------+---------------+----------+--------------+--------------+------------------+-------------+----------------------+------+----------------------+---------------------+
; Name ; Pin # ; I/O Bank ; X coordinate ; Y coordinate ; Cell number ; Output Register ; Output Enable Register ; Power Up High ; PCI I/O Enabled ; Open Drain ; TRI Primitive ; Bus Hold ; Weak Pull Up ; I/O Standard ; Current Strength ; Termination ; Location assigned by ; Load ; Output Enable Source ; Output Enable Group ;
+------+-------+----------+--------------+--------------+-------------+-----------------+------------------------+---------------+-----------------+------------+---------------+----------+--------------+--------------+------------------+-------------+----------------------+------+----------------------+---------------------+
; D0   ; 40    ; 4        ; 1            ; 0            ; 2           ; no              ; no                     ; no            ; no              ; no         ; no            ; no       ; Off          ; 2.5 V        ; 16mA             ; Off         ; Fitter               ; 0 pF ; -                    ; -                   ;
; D1   ; 137   ; 2        ; 3            ; 14           ; 2           ; no              ; no                     ; no            ; no              ; no         ; no            ; no       ; Off          ; 2.5 V        ; 16mA             ; Off         ; Fitter               ; 0 pF ; -                    ; -                   ;
; D2   ; 45    ; 4        ; 3            ; 0            ; 0           ; no              ; no                     ; no            ; no              ; no         ; no            ; no       ; Off          ; 2.5 V        ; 16mA             ; Off         ; Fitter               ; 0 pF ; -                    ; -                   ;
; D3   ; 129   ; 2        ; 12           ; 14           ; 0           ; no              ; no                     ; no            ; no              ; no         ; no            ; no       ; Off          ; 2.5 V        ; 16mA             ; Off         ; Fitter               ; 0 pF ; -                    ; -                   ;
; D4   ; 143   ; 2        ; 1            ; 14           ; 2           ; no              ; no                     ; no            ; no              ; no         ; no            ; no       ; Off          ; 2.5 V        ; 16mA             ; Off         ; Fitter               ; 0 pF ; -                    ; -                   ;
; D5   ; 9     ; 1        ; 0            ; 11           ; 3           ; no              ; no                     ; no            ; no              ; no         ; no            ; no       ; Off          ; 2.5 V        ; 8mA              ; Off         ; Fitter               ; 0 pF ; -                    ; -                   ;
; D6   ; 126   ; 2        ; 14           ; 14           ; 1           ; no              ; no                     ; no            ; no              ; no         ; no            ; no       ; Off          ; 2.5 V        ; 16mA             ; Off         ; Fitter               ; 0 pF ; -                    ; -                   ;
; D7   ; 25    ; 1        ; 0            ; 5            ; 1           ; no              ; no                     ; no            ; no              ; no         ; no            ; no       ; Off          ; 2.5 V        ; 8mA              ; Off         ; Fitter               ; 0 pF ; -                    ; -                   ;
; DG   ; 71    ; 4        ; 26           ; 0            ; 1           ; no              ; no                     ; no            ; no              ; no         ; no            ; no       ; Off          ; 2.5 V        ; 16mA             ; Off         ; Fitter               ; 0 pF ; -                    ; -                   ;
; DR   ; 136   ; 2        ; 3            ; 14           ; 1           ; no              ; no                     ; no            ; no              ; no         ; no            ; no       ; Off          ; 2.5 V        ; 16mA             ; Off         ; Fitter               ; 0 pF ; -                    ; -                   ;
; E0   ; 144   ; 2        ; 1            ; 14           ; 3           ; no              ; no                     ; no            ; no              ; no         ; no            ; no       ; Off          ; 2.5 V        ; 16mA             ; Off         ; Fitter               ; 0 pF ; -                    ; -                   ;
; E1   ; 141   ; 2        ; 1            ; 14           ; 0           ; no              ; no                     ; no            ; no              ; no         ; no            ; no       ; Off          ; 2.5 V        ; 16mA             ; Off         ; Fitter               ; 0 pF ; -                    ; -                   ;
; E2   ; 28    ; 1        ; 0            ; 4            ; 3           ; no              ; no                     ; no            ; no              ; no         ; no            ; no       ; Off          ; 2.5 V        ; 8mA              ; Off         ; Fitter               ; 0 pF ; -                    ; -                   ;
; E3   ; 139   ; 2        ; 3            ; 14           ; 3           ; no              ; no                     ; no            ; no              ; no         ; no            ; no       ; Off          ; 2.5 V        ; 16mA             ; Off         ; Fitter               ; 0 pF ; -                    ; -                   ;
; E4   ; 142   ; 2        ; 1            ; 14           ; 1           ; no              ; no                     ; no            ; no              ; no         ; no            ; no       ; Off          ; 2.5 V        ; 16mA             ; Off         ; Fitter               ; 0 pF ; -                    ; -                   ;
; E5   ; 4     ; 1        ; 0            ; 13           ; 3           ; no              ; no                     ; no            ; no              ; no         ; no            ; no       ; Off          ; 2.5 V        ; 8mA              ; Off         ; Fitter               ; 0 pF ; -                    ; -                   ;
; E6   ; 133   ; 2        ; 7            ; 14           ; 0           ; no              ; no                     ; no            ; no              ; no         ; no            ; no       ; Off          ; 2.5 V        ; 16mA             ; Off         ; Fitter               ; 0 pF ; -                    ; -                   ;
; E7   ; 8     ; 1        ; 0            ; 11           ; 2           ; no              ; no                     ; no            ; no              ; no         ; no            ; no       ; Off          ; 2.5 V        ; 8mA              ; Off         ; Fitter               ; 0 pF ; -                    ; -                   ;
; EG   ; 114   ; 2        ; 26           ; 14           ; 2           ; no              ; no                     ; no            ; no              ; no         ; no            ; no       ; Off          ; 2.5 V        ; 16mA             ; Off         ; Fitter               ; 0 pF ; -                    ; -                   ;
; ER   ; 43    ; 4        ; 3            ; 0            ; 2           ; no              ; no                     ; no            ; no              ; no         ; no            ; no       ; Off          ; 2.5 V        ; 16mA             ; Off         ; Fitter               ; 0 pF ; -                    ; -                   ;
+------+-------+----------+--------------+--------------+-------------+-----------------+------------------------+---------------+-----------------+------------+---------------+----------+--------------+--------------+------------------+-------------+----------------------+------+----------------------+---------------------+


+------------------------------------------------------------+
; I/O Bank Usage                                             ;
+----------+------------------+---------------+--------------+
; I/O Bank ; Usage            ; VCCIO Voltage ; VREF Voltage ;
+----------+------------------+---------------+--------------+
; 1        ; 8 / 19 ( 42 % )  ; 2.5V          ; --           ;
; 2        ; 11 / 23 ( 48 % ) ; 2.5V          ; --           ;
; 3        ; 1 / 23 ( 4 % )   ; 2.5V          ; --           ;
; 4        ; 4 / 24 ( 17 % )  ; 2.5V          ; --           ;
+----------+------------------+---------------+--------------+


+------------------------------------------------------------------------------------------------------------------------------------------------------------------------+
; All Package Pins                                                                                                                                                       ;
+----------+------------+----------+------------------------------------------+--------+--------------+---------+------------+-----------------+----------+--------------+
; Location ; Pad Number ; I/O Bank ; Pin Name/Usage                           ; Dir.   ; I/O Standard ; Voltage ; I/O Type   ; User Assignment ; Bus Hold ; Weak Pull Up ;
+----------+------------+----------+------------------------------------------+--------+--------------+---------+------------+-----------------+----------+--------------+
; 1        ; 0          ; 1        ; ~ASDO~ / RESERVED_INPUT_WITH_WEAK_PULLUP ; input  ; 2.5 V        ;         ; Row I/O    ; N               ; no       ; On           ;
; 2        ; 1          ; 1        ; ~nCSO~ / RESERVED_INPUT_WITH_WEAK_PULLUP ; input  ; 2.5 V        ;         ; Row I/O    ; N               ; no       ; On           ;
; 3        ; 2          ; 1        ; GND*                                     ;        ;              ;         ; Row I/O    ;                 ; no       ; Off          ;
; 4        ; 3          ; 1        ; E5                                       ; output ; 2.5 V        ;         ; Row I/O    ; N               ; no       ; Off          ;
; 5        ;            ; 1        ; VCCIO1                                   ; power  ;              ; 2.5V    ; --         ;                 ; --       ; --           ;
; 6        ;            ;          ; GND                                      ; gnd    ;              ;         ; --         ;                 ; --       ; --           ;
; 7        ; 10         ; 1        ; GND*                                     ;        ;              ;         ; Row I/O    ;                 ; no       ; Off          ;
; 8        ; 11         ; 1        ; E7                                       ; output ; 2.5 V        ;         ; Row I/O    ; N               ; no       ; Off          ;
; 9        ; 12         ; 1        ; D5                                       ; output ; 2.5 V        ;         ; Row I/O    ; N               ; no       ; Off          ;
; 10       ; 13         ; 1        ; #TDO                                     ; output ;              ;         ; --         ;                 ; --       ; --           ;
; 11       ; 14         ; 1        ; #TMS                                     ; input  ;              ;         ; --         ;                 ; --       ; --           ;
; 12       ; 15         ; 1        ; #TCK                                     ; input  ;              ;         ; --         ;                 ; --       ; --           ;
; 13       ; 16         ; 1        ; #TDI                                     ; input  ;              ;         ; --         ;                 ; --       ; --           ;
; 14       ; 17         ; 1        ; ^DATA0                                   ; input  ;              ;         ; --         ;                 ; --       ; --           ;
; 15       ; 18         ; 1        ; ^DCLK                                    ;        ;              ;         ; --         ;                 ; --       ; --           ;
; 16       ; 19         ; 1        ; ^nCE                                     ;        ;              ;         ; --         ;                 ; --       ; --           ;
; 17       ; 20         ; 1        ; Clock                                    ; input  ; 2.5 V        ;         ; Row I/O    ; N               ; no       ; Off          ;
; 18       ; 21         ; 1        ; GND+                                     ;        ;              ;         ; Row I/O    ;                 ; --       ; --           ;
; 19       ;            ;          ; GND                                      ; gnd    ;              ;         ; --         ;                 ; --       ; --           ;
; 20       ; 22         ; 1        ; ^nCONFIG                                 ;        ;              ;         ; --         ;                 ; --       ; --           ;
; 21       ; 23         ; 1        ; GND+                                     ;        ;              ;         ; Row I/O    ;                 ; --       ; --           ;
; 22       ; 24         ; 1        ; GND+                                     ;        ;              ;         ; Row I/O    ;                 ; --       ; --           ;
; 23       ;            ; 1        ; VCCIO1                                   ; power  ;              ; 2.5V    ; --         ;                 ; --       ; --           ;
; 24       ; 25         ; 1        ; GND*                                     ;        ;              ;         ; Row I/O    ;                 ; no       ; Off          ;
; 25       ; 26         ; 1        ; D7                                       ; output ; 2.5 V        ;         ; Row I/O    ; N               ; no       ; Off          ;
; 26       ; 27         ; 1        ; GND*                                     ;        ;              ;         ; Row I/O    ;                 ; no       ; Off          ;
; 27       ; 28         ; 1        ; GND*                                     ;        ;              ;         ; Row I/O    ;                 ; no       ; Off          ;
; 28       ; 32         ; 1        ; E2                                       ; output ; 2.5 V        ;         ; Row I/O    ; N               ; no       ; Off          ;
; 29       ;            ; 1        ; VCCIO1                                   ; power  ;              ; 2.5V    ; --         ;                 ; --       ; --           ;
; 30       ; 40         ; 1        ; GND*                                     ;        ;              ;         ; Row I/O    ;                 ; no       ; Off          ;
; 31       ; 41         ; 1        ; GND*                                     ;        ;              ;         ; Row I/O    ;                 ; no       ; Off          ;
; 32       ; 42         ; 1        ; GND*                                     ;        ;              ;         ; Row I/O    ;                 ; no       ; Off          ;
; 33       ;            ;          ; GND                                      ; gnd    ;              ;         ; --         ;                 ; --       ; --           ;
; 34       ;            ;          ; GND_PLL1                                 ; gnd    ;              ;         ; --         ;                 ; --       ; --           ;
; 35       ;            ;          ; VCCD_PLL1                                ; power  ;              ; 1.2V    ; --         ;                 ; --       ; --           ;
; 36       ;            ;          ; GND_PLL1                                 ; gnd    ;              ;         ; --         ;                 ; --       ; --           ;
; 37       ;            ;          ; VCCA_PLL1                                ; power  ;              ; 1.2V    ; --         ;                 ; --       ; --           ;
; 38       ;            ;          ; GNDA_PLL1                                ; gnd    ;              ;         ; --         ;                 ; --       ; --           ;
; 39       ;            ;          ; GND                                      ; gnd    ;              ;         ; --         ;                 ; --       ; --           ;
; 40       ; 43         ; 4        ; D0                                       ; output ; 2.5 V        ;         ; Column I/O ; N               ; no       ; Off          ;
; 41       ; 44         ; 4        ; GND*                                     ;        ;              ;         ; Column I/O ;                 ; no       ; Off          ;
; 42       ; 45         ; 4        ; GND*                                     ;        ;              ;         ; Column I/O ;                 ; no       ; Off          ;
; 43       ; 46         ; 4        ; ER                                       ; output ; 2.5 V        ;         ; Column I/O ; N               ; no       ; Off          ;
; 44       ; 47         ; 4        ; GND*                                     ;        ;              ;         ; Column I/O ;                 ; no       ; Off          ;
; 45       ; 48         ; 4        ; D2                                       ; output ; 2.5 V        ;         ; Column I/O ; N               ; no       ; Off          ;
; 46       ;            ; 4        ; VCCIO4                                   ; power  ;              ; 2.5V    ; --         ;                 ; --       ; --           ;
; 47       ; 49         ; 4        ; GND*                                     ;        ;              ;         ; Column I/O ;                 ; no       ; Off          ;
; 48       ; 50         ; 4        ; GND*                                     ;        ;              ;         ; Column I/O ;                 ; no       ; Off          ;
; 49       ;            ;          ; GND                                      ; gnd    ;              ;         ; --         ;                 ; --       ; --           ;
; 50       ;            ;          ; VCCINT                                   ; power  ;              ; 1.2V    ; --         ;                 ; --       ; --           ;
; 51       ; 52         ; 4        ; GND*                                     ;        ;              ;         ; Column I/O ;                 ; no       ; Off          ;
; 52       ; 53         ; 4        ; GND*                                     ;        ;              ;         ; Column I/O ;                 ; no       ; Off          ;
; 53       ; 57         ; 4        ; GND*                                     ;        ;              ;         ; Column I/O ;                 ; no       ; Off          ;
; 54       ;            ; 4        ; VCCIO4                                   ; power  ;              ; 2.5V    ; --         ;                 ; --       ; --           ;
; 55       ; 58         ; 4        ; GND*                                     ;        ;              ;         ; Column I/O ;                 ; no       ; Off          ;
; 56       ;            ;          ; GND                                      ; gnd    ;              ;         ; --         ;                 ; --       ; --           ;
; 57       ; 59         ; 4        ; GND*                                     ;        ;              ;         ; Column I/O ;                 ; no       ; Off          ;
; 58       ; 60         ; 4        ; GND*                                     ;        ;              ;         ; Column I/O ;                 ; no       ; Off          ;
; 59       ; 63         ; 4        ; GND*                                     ;        ;              ;         ; Column I/O ;                 ; no       ; Off          ;
; 60       ; 64         ; 4        ; GND*                                     ;        ;              ;         ; Column I/O ;                 ; no       ; Off          ;
; 61       ;            ;          ; GND                                      ; gnd    ;              ;         ; --         ;                 ; --       ; --           ;
; 62       ;            ;          ; VCCINT                                   ; power  ;              ; 1.2V    ; --         ;                 ; --       ; --           ;
; 63       ; 72         ; 4        ; GND*                                     ;        ;              ;         ; Column I/O ;                 ; no       ; Off          ;
; 64       ; 75         ; 4        ; GND*                                     ;        ;              ;         ; Column I/O ;                 ; no       ; Off          ;
; 65       ; 76         ; 4        ; GND*                                     ;        ;              ;         ; Column I/O ;                 ; no       ; Off          ;
; 66       ;            ; 4        ; VCCIO4                                   ; power  ;              ; 2.5V    ; --         ;                 ; --       ; --           ;
; 67       ; 79         ; 4        ; GND*                                     ;        ;              ;         ; Column I/O ;                 ; no       ; Off          ;
; 68       ;            ;          ; GND                                      ; gnd    ;              ;         ; --         ;                 ; --       ; --           ;
; 69       ; 80         ; 4        ; GND*                                     ;        ;              ;         ; Column I/O ;                 ; no       ; Off          ;
; 70       ; 81         ; 4        ; GND*                                     ;        ;              ;         ; Column I/O ;                 ; no       ; Off          ;
; 71       ; 82         ; 4        ; DG                                       ; output ; 2.5 V        ;         ; Column I/O ; N               ; no       ; Off          ;
; 72       ; 83         ; 4        ; GND*                                     ;        ;              ;         ; Column I/O ;                 ; no       ; Off          ;
; 73       ; 84         ; 3        ; GND*                                     ;        ;              ;         ; Row I/O    ;                 ; no       ; Off          ;
; 74       ; 85         ; 3        ; GND*                                     ;        ;              ;         ; Row I/O    ;                 ; no       ; Off          ;
; 75       ; 86         ; 3        ; GND*                                     ;        ;              ;         ; Row I/O    ;                 ; no       ; Off          ;
; 76       ; 87         ; 3        ; ~LVDS41p/nCEO~                           ; output ; 2.5 V        ;         ; Row I/O    ; N               ; no       ; Off          ;
; 77       ;            ; 3        ; VCCIO3                                   ; power  ;              ; 2.5V    ; --         ;                 ; --       ; --           ;
; 78       ;            ;          ; GND                                      ; gnd    ;              ;         ; --         ;                 ; --       ; --           ;
; 79       ; 95         ; 3        ; GND*                                     ;        ;              ;         ; Row I/O    ;                 ; no       ; Off          ;
; 80       ; 97         ; 3        ; GND*                                     ;        ;              ;         ; Row I/O    ;                 ; no       ; Off          ;
; 81       ; 98         ; 3        ; GND*                                     ;        ;              ;         ; Row I/O    ;                 ; no       ; Off          ;
; 82       ; 99         ; 3        ; ^nSTATUS                                 ;        ;              ;         ; --         ;                 ; --       ; --           ;
; 83       ; 100        ; 3        ; ^CONF_DONE                               ;        ;              ;         ; --         ;                 ; --       ; --           ;
; 84       ; 101        ; 3        ; ^MSEL1                                   ;        ;              ;         ; --         ;                 ; --       ; --           ;
; 85       ; 102        ; 3        ; ^MSEL0                                   ;        ;              ;         ; --         ;                 ; --       ; --           ;
; 86       ; 103        ; 3        ; GND*                                     ;        ;              ;         ; Row I/O    ;                 ; no       ; Off          ;
; 87       ; 104        ; 3        ; GND*                                     ;        ;              ;         ; Row I/O    ;                 ; no       ; Off          ;
; 88       ; 105        ; 3        ; GND+                                     ;        ;              ;         ; Row I/O    ;                 ; --       ; --           ;
; 89       ; 106        ; 3        ; GND+                                     ;        ;              ;         ; Row I/O    ;                 ; --       ; --           ;
; 90       ; 107        ; 3        ; GND+                                     ;        ;              ;         ; Row I/O    ;                 ; --       ; --           ;
; 91       ; 108        ; 3        ; GND+                                     ;        ;              ;         ; Row I/O    ;                 ; --       ; --           ;
; 92       ; 109        ; 3        ; GND*                                     ;        ;              ;         ; Row I/O    ;                 ; no       ; Off          ;
; 93       ; 110        ; 3        ; GND*                                     ;        ;              ;         ; Row I/O    ;                 ; no       ; Off          ;
; 94       ; 111        ; 3        ; GND*                                     ;        ;              ;         ; Row I/O    ;                 ; no       ; Off          ;
; 95       ;            ; 3        ; VCCIO3                                   ; power  ;              ; 2.5V    ; --         ;                 ; --       ; --           ;
; 96       ; 112        ; 3        ; GND*                                     ;        ;              ;         ; Row I/O    ;                 ; no       ; Off          ;
; 97       ; 113        ; 3        ; GND*                                     ;        ;              ;         ; Row I/O    ;                 ; no       ; Off          ;
; 98       ;            ;          ; GND                                      ; gnd    ;              ;         ; --         ;                 ; --       ; --           ;
; 99       ; 119        ; 3        ; GND*                                     ;        ;              ;         ; Row I/O    ;                 ; no       ; Off          ;
; 100      ; 120        ; 3        ; GND*                                     ;        ;              ;         ; Row I/O    ;                 ; no       ; Off          ;
; 101      ; 121        ; 3        ; GND*                                     ;        ;              ;         ; Row I/O    ;                 ; no       ; Off          ;
; 102      ;            ; 3        ; VCCIO3                                   ; power  ;              ; 2.5V    ; --         ;                 ; --       ; --           ;
; 103      ; 125        ; 3        ; GND*                                     ;        ;              ;         ; Row I/O    ;                 ; no       ; Off          ;
; 104      ; 126        ; 3        ; GND*                                     ;        ;              ;         ; Row I/O    ;                 ; no       ; Off          ;
; 105      ;            ;          ; GND                                      ; gnd    ;              ;         ; --         ;                 ; --       ; --           ;
; 106      ;            ;          ; GND_PLL2                                 ; gnd    ;              ;         ; --         ;                 ; --       ; --           ;
; 107      ;            ;          ; VCCD_PLL2                                ; power  ;              ; 1.2V    ; --         ;                 ; --       ; --           ;
; 108      ;            ;          ; GND_PLL2                                 ; gnd    ;              ;         ; --         ;                 ; --       ; --           ;
; 109      ;            ;          ; VCCA_PLL2                                ; power  ;              ; 1.2V    ; --         ;                 ; --       ; --           ;
; 110      ;            ;          ; GNDA_PLL2                                ; gnd    ;              ;         ; --         ;                 ; --       ; --           ;
; 111      ;            ;          ; GND                                      ; gnd    ;              ;         ; --         ;                 ; --       ; --           ;
; 112      ; 127        ; 2        ; GND*                                     ;        ;              ;         ; Column I/O ;                 ; no       ; Off          ;
; 113      ; 128        ; 2        ; GND*                                     ;        ;              ;         ; Column I/O ;                 ; no       ; Off          ;
; 114      ; 129        ; 2        ; EG                                       ; output ; 2.5 V        ;         ; Column I/O ; N               ; no       ; Off          ;
; 115      ; 130        ; 2        ; GND*                                     ;        ;              ;         ; Column I/O ;                 ; no       ; Off          ;
; 116      ;            ; 2        ; VCCIO2                                   ; power  ;              ; 2.5V    ; --         ;                 ; --       ; --           ;
; 117      ;            ;          ; GND                                      ; gnd    ;              ;         ; --         ;                 ; --       ; --           ;
; 118      ; 134        ; 2        ; GND*                                     ;        ;              ;         ; Column I/O ;                 ; no       ; Off          ;
; 119      ; 135        ; 2        ; GND*                                     ;        ;              ;         ; Column I/O ;                 ; no       ; Off          ;
; 120      ; 137        ; 2        ; GND*                                     ;        ;              ;         ; Column I/O ;                 ; no       ; Off          ;
; 121      ; 138        ; 2        ; GND*                                     ;        ;              ;         ; Column I/O ;                 ; no       ; Off          ;
; 122      ; 139        ; 2        ; GND*                                     ;        ;              ;         ; Column I/O ;                 ; no       ; Off          ;
; 123      ;            ;          ; GND                                      ; gnd    ;              ;         ; --         ;                 ; --       ; --           ;
; 124      ;            ;          ; VCCINT                                   ; power  ;              ; 1.2V    ; --         ;                 ; --       ; --           ;
; 125      ; 144        ; 2        ; GND*                                     ;        ;              ;         ; Column I/O ;                 ; no       ; Off          ;
; 126      ; 145        ; 2        ; D6                                       ; output ; 2.5 V        ;         ; Column I/O ; N               ; no       ; Off          ;
; 127      ;            ; 2        ; VCCIO2                                   ; power  ;              ; 2.5V    ; --         ;                 ; --       ; --           ;
; 128      ;            ;          ; GND                                      ; gnd    ;              ;         ; --         ;                 ; --       ; --           ;
; 129      ; 148        ; 2        ; D3                                       ; output ; 2.5 V        ;         ; Column I/O ; N               ; no       ; Off          ;
; 130      ;            ;          ; GND                                      ; gnd    ;              ;         ; --         ;                 ; --       ; --           ;
; 131      ;            ;          ; VCCINT                                   ; power  ;              ; 1.2V    ; --         ;                 ; --       ; --           ;
; 132      ; 153        ; 2        ; GND*                                     ;        ;              ;         ; Column I/O ;                 ; no       ; Off          ;
; 133      ; 154        ; 2        ; E6                                       ; output ; 2.5 V        ;         ; Column I/O ; N               ; no       ; Off          ;
; 134      ; 155        ; 2        ; GND*                                     ;        ;              ;         ; Column I/O ;                 ; no       ; Off          ;
; 135      ; 162        ; 2        ; GND*                                     ;        ;              ;         ; Column I/O ;                 ; no       ; Off          ;
; 136      ; 163        ; 2        ; DR                                       ; output ; 2.5 V        ;         ; Column I/O ; N               ; no       ; Off          ;
; 137      ; 164        ; 2        ; D1                                       ; output ; 2.5 V        ;         ; Column I/O ; N               ; no       ; Off          ;
; 138      ;            ; 2        ; VCCIO2                                   ; power  ;              ; 2.5V    ; --         ;                 ; --       ; --           ;
; 139      ; 165        ; 2        ; E3                                       ; output ; 2.5 V        ;         ; Column I/O ; N               ; no       ; Off          ;
; 140      ;            ;          ; GND                                      ; gnd    ;              ;         ; --         ;                 ; --       ; --           ;
; 141      ; 166        ; 2        ; E1                                       ; output ; 2.5 V        ;         ; Column I/O ; N               ; no       ; Off          ;
; 142      ; 167        ; 2        ; E4                                       ; output ; 2.5 V        ;         ; Column I/O ; N               ; no       ; Off          ;
; 143      ; 168        ; 2        ; D4                                       ; output ; 2.5 V        ;         ; Column I/O ; N               ; no       ; Off          ;
; 144      ; 169        ; 2        ; E0                                       ; output ; 2.5 V        ;         ; Column I/O ; N               ; no       ; Off          ;
+----------+------------+----------+------------------------------------------+--------+--------------+---------+------------+-----------------+----------+--------------+
Note: Pin directions (input, output or bidir) are based on device operating in user mode.


+-------------------------------------------------------------------------------+
; Output Pin Default Load For Reported TCO                                      ;
+----------------------------------+-------+------------------------------------+
; I/O Standard                     ; Load  ; Termination Resistance             ;
+----------------------------------+-------+------------------------------------+
; 3.3-V LVTTL                      ; 0 pF  ; Not Available                      ;
; 3.3-V LVCMOS                     ; 0 pF  ; Not Available                      ;
; 2.5 V                            ; 0 pF  ; Not Available                      ;
; 1.8 V                            ; 0 pF  ; Not Available                      ;
; 1.5 V                            ; 0 pF  ; Not Available                      ;
; 3.3-V PCI                        ; 10 pF ; 25 Ohm (Parallel)                  ;
; 3.3-V PCI-X                      ; 10 pF ; 25 Ohm (Parallel)                  ;
; SSTL-2 Class I                   ; 0 pF  ; 50 Ohm (Parallel), 25 Ohm (Serial) ;
; SSTL-2 Class II                  ; 0 pF  ; 25 Ohm (Parallel), 25 Ohm (Serial) ;
; SSTL-18 Class I                  ; 0 pF  ; 50 Ohm (Parallel), 25 Ohm (Serial) ;
; SSTL-18 Class II                 ; 0 pF  ; 25 Ohm (Parallel), 25 Ohm (Serial) ;
; 1.5-V HSTL Class I               ; 0 pF  ; 50 Ohm (Parallel)                  ;
; 1.5-V HSTL Class II              ; 0 pF  ; 25 Ohm (Parallel)                  ;
; 1.8-V HSTL Class I               ; 0 pF  ; 50 Ohm (Parallel)                  ;
; 1.8-V HSTL Class II              ; 0 pF  ; 25 Ohm (Parallel)                  ;
; Differential SSTL-2              ; 0 pF  ; (See SSTL-2)                       ;
; Differential 2.5-V SSTL Class II ; 0 pF  ; (See SSTL-2 Class II)              ;
; Differential 1.8-V SSTL Class I  ; 0 pF  ; (See 1.8-V SSTL Class I)           ;
; Differential 1.8-V SSTL Class II ; 0 pF  ; (See 1.8-V SSTL Class II)          ;
; Differential 1.5-V HSTL Class I  ; 0 pF  ; (See 1.5-V HSTL Class I)           ;
; Differential 1.5-V HSTL Class II ; 0 pF  ; (See 1.5-V HSTL Class II)          ;
; Differential 1.8-V HSTL Class I  ; 0 pF  ; (See 1.8-V HSTL Class I)           ;
; Differential 1.8-V HSTL Class II ; 0 pF  ; (See 1.8-V HSTL Class II)          ;
; LVDS                             ; 0 pF  ; 100 Ohm (Differential)             ;
; mini-LVDS                        ; 0 pF  ; 100 Ohm (Differential)             ;
; RSDS                             ; 0 pF  ; 100 Ohm (Differential)             ;
; Simple RSDS                      ; 0 pF  ; Not Available                      ;
; Differential LVPECL              ; 0 pF  ; 100 Ohm (Differential)             ;
+----------------------------------+-------+------------------------------------+
Note: User assignments will override these defaults. The user specified values are listed in the Output Pins and Bidir Pins tables.


+--------------------------------------------------------------------------------------------------------------------------------------------------------------------------------------------------------------------------------------------------------------------------------------------+
; Fitter Resource Utilization by Entity                                                                                                                                                                                                                                                      ;
+----------------------------+-------------+---------------------------+---------------+-------------+------+--------------+---------+-----------+------+--------------+--------------+-------------------+------------------+------------------------------------------------+--------------+
; Compilation Hierarchy Node ; Logic Cells ; Dedicated Logic Registers ; I/O Registers ; Memory Bits ; M4Ks ; DSP Elements ; DSP 9x9 ; DSP 18x18 ; Pins ; Virtual Pins ; LUT-Only LCs ; Register-Only LCs ; LUT/Register LCs ; Full Hierarchy Name                            ; Library Name ;
+----------------------------+-------------+---------------------------+---------------+-------------+------+--------------+---------+-----------+------+--------------+--------------+-------------------+------------------+------------------------------------------------+--------------+
; |Countdown                 ; 15 (1)      ; 8 (0)                     ; 0 (0)         ; 0           ; 0    ; 0            ; 0       ; 0         ; 21   ; 0            ; 7 (1)        ; 0 (0)             ; 8 (0)            ; |Countdown                                     ; work         ;
;    |Switch:inst|           ; 1 (0)       ; 1 (0)                     ; 0 (0)         ; 0           ; 0    ; 0            ; 0       ; 0         ; 0    ; 0            ; 0 (0)        ; 0 (0)             ; 1 (0)            ; |Countdown|Switch:inst                         ;              ;
;       |74161:inst10|       ; 1 (0)       ; 1 (0)                     ; 0 (0)         ; 0           ; 0    ; 0            ; 0       ; 0         ; 0    ; 0            ; 0 (0)        ; 0 (0)             ; 1 (0)            ; |Countdown|Switch:inst|74161:inst10            ; work         ;
;          |f74161:sub|      ; 1 (1)       ; 1 (1)                     ; 0 (0)         ; 0           ; 0    ; 0            ; 0       ; 0         ; 0    ; 0            ; 0 (0)        ; 0 (0)             ; 1 (1)            ; |Countdown|Switch:inst|74161:inst10|f74161:sub ; work         ;
;    |mod10:inst1|           ; 6 (1)       ; 4 (0)                     ; 0 (0)         ; 0           ; 0    ; 0            ; 0       ; 0         ; 0    ; 0            ; 2 (1)        ; 0 (0)             ; 4 (0)            ; |Countdown|mod10:inst1                         ; work         ;
;       |74161:inst|         ; 5 (0)       ; 4 (0)                     ; 0 (0)         ; 0           ; 0    ; 0            ; 0       ; 0         ; 0    ; 0            ; 1 (0)        ; 0 (0)             ; 4 (0)            ; |Countdown|mod10:inst1|74161:inst              ; work         ;
;          |f74161:sub|      ; 5 (5)       ; 4 (4)                     ; 0 (0)         ; 0           ; 0    ; 0            ; 0       ; 0         ; 0    ; 0            ; 1 (1)        ; 0 (0)             ; 4 (4)            ; |Countdown|mod10:inst1|74161:inst|f74161:sub   ; work         ;
;    |mod6:inst3|            ; 3 (0)       ; 3 (0)                     ; 0 (0)         ; 0           ; 0    ; 0            ; 0       ; 0         ; 0    ; 0            ; 0 (0)        ; 0 (0)             ; 3 (0)            ; |Countdown|mod6:inst3                          ; work         ;
;       |74161:inst|         ; 3 (0)       ; 3 (0)                     ; 0 (0)         ; 0           ; 0    ; 0            ; 0       ; 0         ; 0    ; 0            ; 0 (0)        ; 0 (0)             ; 3 (0)            ; |Countdown|mod6:inst3|74161:inst               ; work         ;
;          |f74161:sub|      ; 3 (3)       ; 3 (3)                     ; 0 (0)         ; 0           ; 0    ; 0            ; 0       ; 0         ; 0    ; 0            ; 0 (0)        ; 0 (0)             ; 3 (3)            ; |Countdown|mod6:inst3|74161:inst|f74161:sub    ; work         ;
;    |trans10:inst8|         ; 2 (0)       ; 0 (0)                     ; 0 (0)         ; 0           ; 0    ; 0            ; 0       ; 0         ; 0    ; 0            ; 2 (0)        ; 0 (0)             ; 0 (0)            ; |Countdown|trans10:inst8                       ; work         ;
;       |74283:inst|         ; 2 (0)       ; 0 (0)                     ; 0 (0)         ; 0           ; 0    ; 0            ; 0       ; 0         ; 0    ; 0            ; 2 (0)        ; 0 (0)             ; 0 (0)            ; |Countdown|trans10:inst8|74283:inst            ; work         ;
;          |f74283:sub|      ; 2 (2)       ; 0 (0)                     ; 0 (0)         ; 0           ; 0    ; 0            ; 0       ; 0         ; 0    ; 0            ; 2 (2)        ; 0 (0)             ; 0 (0)            ; |Countdown|trans10:inst8|74283:inst|f74283:sub ; work         ;
;    |trans6:inst9|          ; 2 (0)       ; 0 (0)                     ; 0 (0)         ; 0           ; 0    ; 0            ; 0       ; 0         ; 0    ; 0            ; 2 (0)        ; 0 (0)             ; 0 (0)            ; |Countdown|trans6:inst9                        ; work         ;
;       |74283:inst|         ; 2 (0)       ; 0 (0)                     ; 0 (0)         ; 0           ; 0    ; 0            ; 0       ; 0         ; 0    ; 0            ; 2 (0)        ; 0 (0)             ; 0 (0)            ; |Countdown|trans6:inst9|74283:inst             ; work         ;
;          |f74283:sub|      ; 2 (2)       ; 0 (0)                     ; 0 (0)         ; 0           ; 0    ; 0            ; 0       ; 0         ; 0    ; 0            ; 2 (2)        ; 0 (0)             ; 0 (0)            ; |Countdown|trans6:inst9|74283:inst|f74283:sub  ; work         ;
+----------------------------+-------------+---------------------------+---------------+-------------+------+--------------+---------+-----------+------+--------------+--------------+-------------------+------------------+------------------------------------------------+--------------+
Note: For table entries with two numbers listed, the numbers in parentheses indicate the number of resources of the given type used by the specific entity alone. The numbers listed outside of parentheses indicate the total resources of the given type used by the specific entity and all of its sub-entities in the hierarchy.


+--------------------------------------------------------------------------------+
; Delay Chain Summary                                                            ;
+-------+----------+---------------+---------------+-----------------------+-----+
; Name  ; Pin Type ; Pad to Core 0 ; Pad to Core 1 ; Pad to Input Register ; TCO ;
+-------+----------+---------------+---------------+-----------------------+-----+
; DR    ; Output   ; --            ; --            ; --                    ; --  ;
; DG    ; Output   ; --            ; --            ; --                    ; --  ;
; ER    ; Output   ; --            ; --            ; --                    ; --  ;
; EG    ; Output   ; --            ; --            ; --                    ; --  ;
; D0    ; Output   ; --            ; --            ; --                    ; --  ;
; D1    ; Output   ; --            ; --            ; --                    ; --  ;
; D2    ; Output   ; --            ; --            ; --                    ; --  ;
; D3    ; Output   ; --            ; --            ; --                    ; --  ;
; E0    ; Output   ; --            ; --            ; --                    ; --  ;
; E1    ; Output   ; --            ; --            ; --                    ; --  ;
; E2    ; Output   ; --            ; --            ; --                    ; --  ;
; E3    ; Output   ; --            ; --            ; --                    ; --  ;
; D4    ; Output   ; --            ; --            ; --                    ; --  ;
; D5    ; Output   ; --            ; --            ; --                    ; --  ;
; D6    ; Output   ; --            ; --            ; --                    ; --  ;
; D7    ; Output   ; --            ; --            ; --                    ; --  ;
; E4    ; Output   ; --            ; --            ; --                    ; --  ;
; E5    ; Output   ; --            ; --            ; --                    ; --  ;
; E6    ; Output   ; --            ; --            ; --                    ; --  ;
; E7    ; Output   ; --            ; --            ; --                    ; --  ;
; Clock ; Input    ; (0) 299 ps    ; (0) 299 ps    ; --                    ; --  ;
+-------+----------+---------------+---------------+-----------------------+-----+


+---------------------------------------------------+
; Pad To Core Delay Chain Fanout                    ;
+---------------------+-------------------+---------+
; Source Pin / Fanout ; Pad To Core Index ; Setting ;
+---------------------+-------------------+---------+
; Clock               ;                   ;         ;
+---------------------+-------------------+---------+


+---------------------------------------------------------------------------------------------------------------------------------------+
; Control Signals                                                                                                                       ;
+-------------------+------------------+---------+-------+--------+----------------------+------------------+---------------------------+
; Name              ; Location         ; Fan-Out ; Usage ; Global ; Global Resource Used ; Global Line Name ; Enable Signal Source Name ;
+-------------------+------------------+---------+-------+--------+----------------------+------------------+---------------------------+
; Clock             ; PIN_17           ; 3       ; Clock ; no     ; --                   ; --               ; --                        ;
; Clock             ; PIN_17           ; 2       ; Clock ; yes    ; Global Clock         ; GCLK2            ; --                        ;
; inst18            ; LCCOMB_X1_Y6_N24 ; 1       ; Clock ; no     ; --                   ; --               ; --                        ;
; mod10:inst1|inst1 ; LCCOMB_X1_Y6_N4  ; 7       ; Clock ; no     ; --                   ; --               ; --                        ;
+-------------------+------------------+---------+-------+--------+----------------------+------------------+---------------------------+


+--------------------------------------------------------------------------------------------------+
; Global & Other Fast Signals                                                                      ;
+-------+----------+---------+----------------------+------------------+---------------------------+
; Name  ; Location ; Fan-Out ; Global Resource Used ; Global Line Name ; Enable Signal Source Name ;
+-------+----------+---------+----------------------+------------------+---------------------------+
; Clock ; PIN_17   ; 2       ; Global Clock         ; GCLK2            ; --                        ;
+-------+----------+---------+----------------------+------------------+---------------------------+


+----------------------------------------------------+
; Non-Global High Fan-Out Signals                    ;
+------------------------------------------+---------+
; Name                                     ; Fan-Out ;
+------------------------------------------+---------+
; mod10:inst1|74161:inst|f74161:sub|9      ; 8       ;
; mod10:inst1|inst1                        ; 7       ;
; mod10:inst1|74161:inst|f74161:sub|87     ; 7       ;
; mod6:inst3|74161:inst|f74161:sub|87      ; 6       ;
; mod6:inst3|74161:inst|f74161:sub|9       ; 6       ;
; mod6:inst3|74161:inst|f74161:sub|99      ; 5       ;
; Switch:inst|74161:inst10|f74161:sub|9    ; 5       ;
; mod10:inst1|74161:inst|f74161:sub|110    ; 4       ;
; mod10:inst1|74161:inst|f74161:sub|99     ; 4       ;
; Clock                                    ; 2       ;
; trans6:inst9|74283:inst|f74283:sub|106~0 ; 2       ;
; trans6:inst9|74283:inst|f74283:sub|80    ; 2       ;
; trans10:inst8|74283:inst|f74283:sub|82   ; 2       ;
; trans10:inst8|74283:inst|f74283:sub|80   ; 2       ;
; mod6:inst3|74161:inst|f74161:sub|9~0     ; 1       ;
; Switch:inst|74161:inst10|f74161:sub|9~0  ; 1       ;
; inst18                                   ; 1       ;
; mod6:inst3|74161:inst|f74161:sub|98~0    ; 1       ;
; mod6:inst3|74161:inst|f74161:sub|86      ; 1       ;
; mod10:inst1|74161:inst|f74161:sub|108    ; 1       ;
; mod10:inst1|74161:inst|f74161:sub|84     ; 1       ;
; mod10:inst1|74161:inst|f74161:sub|98     ; 1       ;
; mod10:inst1|74161:inst|f74161:sub|86     ; 1       ;
; mod10:inst1|74161:inst|f74161:sub|77     ; 1       ;
+------------------------------------------+---------+


+----------------------------------------------------+
; Interconnect Usage Summary                         ;
+----------------------------+-----------------------+
; Interconnect Resource Type ; Usage                 ;
+----------------------------+-----------------------+
; Block interconnects        ; 36 / 15,666 ( < 1 % ) ;
; C16 interconnects          ; 1 / 812 ( < 1 % )     ;
; C4 interconnects           ; 30 / 11,424 ( < 1 % ) ;
; Direct links               ; 10 / 15,666 ( < 1 % ) ;
; Global clocks              ; 1 / 8 ( 13 % )        ;
; Local interconnects        ; 8 / 4,608 ( < 1 % )   ;
; R24 interconnects          ; 2 / 652 ( < 1 % )     ;
; R4 interconnects           ; 21 / 13,328 ( < 1 % ) ;
+----------------------------+-----------------------+


+--------------------------------------------------------------------------+
; LAB Logic Elements                                                       ;
+--------------------------------------------+-----------------------------+
; Number of Logic Elements  (Average = 7.50) ; Number of LABs  (Total = 2) ;
+--------------------------------------------+-----------------------------+
; 1                                          ; 0                           ;
; 2                                          ; 0                           ;
; 3                                          ; 0                           ;
; 4                                          ; 0                           ;
; 5                                          ; 1                           ;
; 6                                          ; 0                           ;
; 7                                          ; 0                           ;
; 8                                          ; 0                           ;
; 9                                          ; 0                           ;
; 10                                         ; 1                           ;
; 11                                         ; 0                           ;
; 12                                         ; 0                           ;
; 13                                         ; 0                           ;
; 14                                         ; 0                           ;
; 15                                         ; 0                           ;
; 16                                         ; 0                           ;
+--------------------------------------------+-----------------------------+


+------------------------------------------------------------------+
; LAB-wide Signals                                                 ;
+------------------------------------+-----------------------------+
; LAB-wide Signals  (Average = 1.00) ; Number of LABs  (Total = 2) ;
+------------------------------------+-----------------------------+
; 1 Clock                            ; 2                           ;
+------------------------------------+-----------------------------+


+----------------------------------------------------------------------------+
; LAB Signals Sourced                                                        ;
+----------------------------------------------+-----------------------------+
; Number of Signals Sourced  (Average = 11.50) ; Number of LABs  (Total = 2) ;
+----------------------------------------------+-----------------------------+
; 0                                            ; 0                           ;
; 1                                            ; 0                           ;
; 2                                            ; 0                           ;
; 3                                            ; 0                           ;
; 4                                            ; 0                           ;
; 5                                            ; 0                           ;
; 6                                            ; 0                           ;
; 7                                            ; 0                           ;
; 8                                            ; 0                           ;
; 9                                            ; 0                           ;
; 10                                           ; 1                           ;
; 11                                           ; 0                           ;
; 12                                           ; 0                           ;
; 13                                           ; 1                           ;
+----------------------------------------------+-----------------------------+


+-------------------------------------------------------------------------------+
; LAB Signals Sourced Out                                                       ;
+-------------------------------------------------+-----------------------------+
; Number of Signals Sourced Out  (Average = 6.00) ; Number of LABs  (Total = 2) ;
+-------------------------------------------------+-----------------------------+
; 0                                               ; 0                           ;
; 1                                               ; 0                           ;
; 2                                               ; 0                           ;
; 3                                               ; 0                           ;
; 4                                               ; 0                           ;
; 5                                               ; 1                           ;
; 6                                               ; 0                           ;
; 7                                               ; 1                           ;
+-------------------------------------------------+-----------------------------+


+---------------------------------------------------------------------------+
; LAB Distinct Inputs                                                       ;
+---------------------------------------------+-----------------------------+
; Number of Distinct Inputs  (Average = 4.50) ; Number of LABs  (Total = 2) ;
+---------------------------------------------+-----------------------------+
; 0                                           ; 0                           ;
; 1                                           ; 0                           ;
; 2                                           ; 0                           ;
; 3                                           ; 1                           ;
; 4                                           ; 0                           ;
; 5                                           ; 0                           ;
; 6                                           ; 1                           ;
+---------------------------------------------+-----------------------------+


+-------------------------------------------------------------------------+
; Fitter Device Options                                                   ;
+----------------------------------------------+--------------------------+
; Option                                       ; Setting                  ;
+----------------------------------------------+--------------------------+
; Enable user-supplied start-up clock (CLKUSR) ; Off                      ;
; Enable device-wide reset (DEV_CLRn)          ; Off                      ;
; Enable device-wide output enable (DEV_OE)    ; Off                      ;
; Enable INIT_DONE output                      ; Off                      ;
; Configuration scheme                         ; Active Serial            ;
; Error detection CRC                          ; Off                      ;
; nCEO                                         ; As output driving ground ;
; ASDO,nCSO                                    ; As input tri-stated      ;
; Reserve all unused pins                      ; As output driving ground ;
; Base pin-out file on sameframe device        ; Off                      ;
+----------------------------------------------+--------------------------+


+------------------------------------+
; Operating Settings and Conditions  ;
+---------------------------+--------+
; Setting                   ; Value  ;
+---------------------------+--------+
; Nominal Core Voltage      ; 1.20 V ;
; Low Junction Temperature  ; 0 癈   ;
; High Junction Temperature ; 85 癈  ;
+---------------------------+--------+


+------------------------------------------------------------+
; Estimated Delay Added for Hold Timing                      ;
+-----------------+----------------------+-------------------+
; Source Clock(s) ; Destination Clock(s) ; Delay Added in ns ;
+-----------------+----------------------+-------------------+


+-----------------+
; Fitter Messages ;
+-----------------+
Info: *******************************************************************
Info: Running Quartus II Fitter
    Info: Version 9.1 Build 350 03/24/2010 Service Pack 2 SJ Web Edition
    Info: Processing started: Mon Jun 02 00:22:25 2025
Info: Command: quartus_fit --read_settings_files=off --write_settings_files=off Week15 -c Week15
Info: Automatically selected device EP2C5T144C6 for design Week15
Info: Fitter is performing an Auto Fit compilation, which may decrease Fitter effort to reduce compilation time
Warning: Feature LogicLock is only available with a valid subscription license. Please purchase a software subscription to gain full access to this feature.
Info: Device migration not selected. If you intend to use device migration later, you may need to change the pin assignments as they may be incompatible with other devices
    Info: Device EP2C8T144C6 is compatible
Info: Fitter converted 3 user pins into dedicated programming pins
    Info: Pin ~ASDO~ is reserved at location 1
    Info: Pin ~nCSO~ is reserved at location 2
    Info: Pin ~LVDS41p/nCEO~ is reserved at location 76
Critical Warning: No exact pin location assignment(s) for 21 pins of 21 total pins
    Info: Pin DR not assigned to an exact location on the device
    Info: Pin DG not assigned to an exact location on the device
    Info: Pin ER not assigned to an exact location on the device
    Info: Pin EG not assigned to an exact location on the device
    Info: Pin D0 not assigned to an exact location on the device
    Info: Pin D1 not assigned to an exact location on the device
    Info: Pin D2 not assigned to an exact location on the device
    Info: Pin D3 not assigned to an exact location on the device
    Info: Pin E0 not assigned to an exact location on the device
    Info: Pin E1 not assigned to an exact location on the device
    Info: Pin E2 not assigned to an exact location on the device
    Info: Pin E3 not assigned to an exact location on the device
    Info: Pin D4 not assigned to an exact location on the device
    Info: Pin D5 not assigned to an exact location on the device
    Info: Pin D6 not assigned to an exact location on the device
    Info: Pin D7 not assigned to an exact location on the device
    Info: Pin E4 not assigned to an exact location on the device
    Info: Pin E5 not assigned to an exact location on the device
    Info: Pin E6 not assigned to an exact location on the device
    Info: Pin E7 not assigned to an exact location on the device
    Info: Pin Clock not assigned to an exact location on the device
Info: Timing-driven compilation is using the Classic Timing Analyzer
Info: Timing requirements not specified -- quality metrics such as performance and power consumption may be sacrificed to reduce compilation time.
Info: Automatically promoted node Clock (placed in PIN 17 (CLK0, LVDSCLK0p, Input))
    Info: Automatically promoted destinations to use location or clock signal Global Clock CLKCTRL_G2
    Info: Following destination nodes may be non-global or may not use global or regional clocks
        Info: Destination node mod10:inst1|74161:inst|f74161:sub|110
        Info: Destination node mod10:inst1|74161:inst|f74161:sub|9
Info: Starting register packing
Extra Info: Performing register packing on registers with non-logic cell location assignments
Extra Info: Completed register packing on registers with non-logic cell location assignments
Extra Info: Started Fast Input/Output/OE register processing
Extra Info: Finished Fast Input/Output/OE register processing
Extra Info: Moving registers into I/O cells, Multiplier Blocks, and RAM blocks to improve timing and density
Extra Info: Finished moving registers into I/O cells, Multiplier Blocks, and RAM blocks
Info: Finished register packing
    Extra Info: No registers were packed into other blocks
Info: Statistics of I/O pins that need to be placed that use the same VCCIO and VREF, before I/O pin placement
    Info: Number of I/O pins in group: 20 (unused VREF, 2.5V VCCIO, 0 input, 20 output, 0 bidirectional)
        Info: I/O standards used: 2.5 V.
Info: I/O bank details before I/O pin placement
    Info: Statistics of I/O banks
        Info: I/O bank number 1 does not use VREF pins and has undetermined VCCIO pins. 3 total pin(s) used --  16 pins available
        Info: I/O bank number 2 does not use VREF pins and has undetermined VCCIO pins. 0 total pin(s) used --  23 pins available
        Info: I/O bank number 3 does not use VREF pins and has undetermined VCCIO pins. 1 total pin(s) used --  22 pins available
        Info: I/O bank number 4 does not use VREF pins and has undetermined VCCIO pins. 0 total pin(s) used --  24 pins available
Info: Fitter preparation operations ending: elapsed time is 00:00:00
Info: Fitter placement preparation operations beginning
Info: Fitter placement preparation operations ending: elapsed time is 00:00:00
Info: Fitter placement operations beginning
Info: Fitter placement was successful
Info: Fitter placement operations ending: elapsed time is 00:00:00
Info: Estimated most critical path is register to register delay of 0.535 ns
    Info: 1: + IC(0.000 ns) + CELL(0.000 ns) = 0.000 ns; Loc. = LAB_X1_Y6; Fanout = 5; REG Node = 'Switch:inst|74161:inst10|f74161:sub|9'
    Info: 2: + IC(0.053 ns) + CELL(0.398 ns) = 0.451 ns; Loc. = LAB_X1_Y6; Fanout = 1; COMB Node = 'Switch:inst|74161:inst10|f74161:sub|9~0'
    Info: 3: + IC(0.000 ns) + CELL(0.084 ns) = 0.535 ns; Loc. = LAB_X1_Y6; Fanout = 5; REG Node = 'Switch:inst|74161:inst10|f74161:sub|9'
    Info: Total cell delay = 0.482 ns ( 90.09 % )
    Info: Total interconnect delay = 0.053 ns ( 9.91 % )
Info: Fitter routing operations beginning
Info: Average interconnect usage is 0% of the available device resources
    Info: Peak interconnect usage is 0% of the available device resources in the region that extends from location X0_Y0 to location X13_Y14
Info: Fitter routing operations ending: elapsed time is 00:00:00
Info: The Fitter performed an Auto Fit compilation.  Optimizations were skipped to reduce compilation time.
    Info: Optimizations that may affect the design's routability were skipped
    Info: Optimizations that may affect the design's timing were skipped
Info: Started post-fitting delay annotation
Warning: Found 20 output pins without output pin load capacitance assignment
    Info: Pin "DR" has no specified output pin load capacitance -- assuming default load capacitance of 0 pF for timing analysis
    Info: Pin "DG" has no specified output pin load capacitance -- assuming default load capacitance of 0 pF for timing analysis
    Info: Pin "ER" has no specified output pin load capacitance -- assuming default load capacitance of 0 pF for timing analysis
    Info: Pin "EG" has no specified output pin load capacitance -- assuming default load capacitance of 0 pF for timing analysis
    Info: Pin "D0" has no specified output pin load capacitance -- assuming default load capacitance of 0 pF for timing analysis
    Info: Pin "D1" has no specified output pin load capacitance -- assuming default load capacitance of 0 pF for timing analysis
    Info: Pin "D2" has no specified output pin load capacitance -- assuming default load capacitance of 0 pF for timing analysis
    Info: Pin "D3" has no specified output pin load capacitance -- assuming default load capacitance of 0 pF for timing analysis
    Info: Pin "E0" has no specified output pin load capacitance -- assuming default load capacitance of 0 pF for timing analysis
    Info: Pin "E1" has no specified output pin load capacitance -- assuming default load capacitance of 0 pF for timing analysis
    Info: Pin "E2" has no specified output pin load capacitance -- assuming default load capacitance of 0 pF for timing analysis
    Info: Pin "E3" has no specified output pin load capacitance -- assuming default load capacitance of 0 pF for timing analysis
    Info: Pin "D4" has no specified output pin load capacitance -- assuming default load capacitance of 0 pF for timing analysis
    Info: Pin "D5" has no specified output pin load capacitance -- assuming default load capacitance of 0 pF for timing analysis
    Info: Pin "D6" has no specified output pin load capacitance -- assuming default load capacitance of 0 pF for timing analysis
    Info: Pin "D7" has no specified output pin load capacitance -- assuming default load capacitance of 0 pF for timing analysis
    Info: Pin "E4" has no specified output pin load capacitance -- assuming default load capacitance of 0 pF for timing analysis
    Info: Pin "E5" has no specified output pin load capacitance -- assuming default load capacitance of 0 pF for timing analysis
    Info: Pin "E6" has no specified output pin load capacitance -- assuming default load capacitance of 0 pF for timing analysis
    Info: Pin "E7" has no specified output pin load capacitance -- assuming default load capacitance of 0 pF for timing analysis
Info: Delay annotation completed successfully
Warning: The Reserve All Unused Pins setting has not been specified, and will default to 'As output driving ground'.
Info: Quartus II Fitter was successful. 0 errors, 4 warnings
    Info: Peak virtual memory: 262 megabytes
    Info: Processing ended: Mon Jun 02 00:22:26 2025
    Info: Elapsed time: 00:00:01
    Info: Total CPU time (on all processors): 00:00:01


