Classic Timing Analyzer report for Homework
Thu May 22 23:31:59 2025
Quartus II Version 9.1 Build 350 03/24/2010 Service Pack 2 SJ Web Edition


---------------------
; Table of Contents ;
---------------------
  1. Legal Notice
  2. Timing Analyzer Summary
  3. Timing Analyzer Settings
  4. Clock Settings Summary
  5. Parallel Compilation
  6. Clock Setup: 'CLK'
  7. tsu
  8. tco
  9. th
 10. Timing Analyzer Messages



----------------
; Legal Notice ;
----------------
Copyright (C) 1991-2010 Altera Corporation
Your use of Altera Corporation's design tools, logic functions 
and other software and tools, and its AMPP partner logic 
functions, and any output files from any of the foregoing 
(including device programming or simulation files), and any 
associated documentation or information are expressly subject 
to the terms and conditions of the Altera Program License 
Subscription Agreement, Altera MegaCore Function License 
Agreement, or other applicable license agreement, including, 
without limitation, that your use is for the sole purpose of 
programming logic devices manufactured by Altera and sold by 
Altera or its authorized distributors.  Please refer to the 
applicable agreement for further details.



+----------------------------------------------------------------------------------------------------------------------------------------------------------------------------------------------------------------------------------------+
; Timing Analyzer Summary                                                                                                                                                                                                                ;
+------------------------------+-------+---------------+------------------------------------------------+--------------------------------------+--------------------------------------------------+------------+----------+--------------+
; Type                         ; Slack ; Required Time ; Actual Time                                    ; From                                 ; To                                               ; From Clock ; To Clock ; Failed Paths ;
+------------------------------+-------+---------------+------------------------------------------------+--------------------------------------+--------------------------------------------------+------------+----------+--------------+
; Worst-case tsu               ; N/A   ; None          ; 3.846 ns                                       ; D                                    ; Block1:inst8|74161:inst|f74161:sub|110~DUPLICATE ; --         ; CLK      ; 0            ;
; Worst-case tco               ; N/A   ; None          ; 6.618 ns                                       ; Block2:inst|74161:inst|f74161:sub|99 ; Q1[2]                                            ; CLK        ; --       ; 0            ;
; Worst-case th                ; N/A   ; None          ; -2.483 ns                                      ; B                                    ; Block1:inst8|74161:inst|f74161:sub|87            ; --         ; CLK      ; 0            ;
; Clock Setup: 'CLK'           ; N/A   ; None          ; Restricted to 500.00 MHz ( period = 2.000 ns ) ; Block1:inst8|74161:inst|f74161:sub|9 ; Block2:inst|74161:inst|f74161:sub|99             ; CLK        ; CLK      ; 0            ;
; Total number of failed paths ;       ;               ;                                                ;                                      ;                                                  ;            ;          ; 0            ;
+------------------------------+-------+---------------+------------------------------------------------+--------------------------------------+--------------------------------------------------+------------+----------+--------------+


+-----------------------------------------------------------------------------------------------------------------------------------------------------+
; Timing Analyzer Settings                                                                                                                            ;
+------------------------------------------------------------------------------------------------------+--------------------+------+----+-------------+
; Option                                                                                               ; Setting            ; From ; To ; Entity Name ;
+------------------------------------------------------------------------------------------------------+--------------------+------+----+-------------+
; Device Name                                                                                          ; EP2S15F484C3       ;      ;    ;             ;
; Timing Models                                                                                        ; Final              ;      ;    ;             ;
; Default hold multicycle                                                                              ; Same as Multicycle ;      ;    ;             ;
; Cut paths between unrelated clock domains                                                            ; On                 ;      ;    ;             ;
; Cut off read during write signal paths                                                               ; On                 ;      ;    ;             ;
; Cut off feedback from I/O pins                                                                       ; On                 ;      ;    ;             ;
; Report Combined Fast/Slow Timing                                                                     ; Off                ;      ;    ;             ;
; Ignore Clock Settings                                                                                ; Off                ;      ;    ;             ;
; Analyze latches as synchronous elements                                                              ; On                 ;      ;    ;             ;
; Enable Recovery/Removal analysis                                                                     ; Off                ;      ;    ;             ;
; Enable Clock Latency                                                                                 ; Off                ;      ;    ;             ;
; Use TimeQuest Timing Analyzer                                                                        ; Off                ;      ;    ;             ;
; Number of source nodes to report per destination node                                                ; 10                 ;      ;    ;             ;
; Number of destination nodes to report                                                                ; 10                 ;      ;    ;             ;
; Number of paths to report                                                                            ; 200                ;      ;    ;             ;
; Report Minimum Timing Checks                                                                         ; Off                ;      ;    ;             ;
; Use Fast Timing Models                                                                               ; Off                ;      ;    ;             ;
; Report IO Paths Separately                                                                           ; Off                ;      ;    ;             ;
; Perform Multicorner Analysis                                                                         ; On                 ;      ;    ;             ;
; Reports the worst-case path for each clock domain and analysis                                       ; Off                ;      ;    ;             ;
; Reports worst-case timing paths for each clock domain and analysis                                   ; Off                ;      ;    ;             ;
; Specifies the maximum number of worst-case timing paths to report for each clock domain and analysis ; 100                ;      ;    ;             ;
; Removes common clock path pessimism (CCPP) during slack computation                                  ; Off                ;      ;    ;             ;
; Output I/O Timing Endpoint                                                                           ; Near End           ;      ;    ;             ;
+------------------------------------------------------------------------------------------------------+--------------------+------+----+-------------+


+------------------------------------------------------------------------------------------------------------------------------------------------------------------------------------+
; Clock Settings Summary                                                                                                                                                             ;
+-----------------+--------------------+----------+------------------+---------------+--------------+----------+-----------------------+---------------------+--------+--------------+
; Clock Node Name ; Clock Setting Name ; Type     ; Fmax Requirement ; Early Latency ; Late Latency ; Based on ; Multiply Base Fmax by ; Divide Base Fmax by ; Offset ; Phase offset ;
+-----------------+--------------------+----------+------------------+---------------+--------------+----------+-----------------------+---------------------+--------+--------------+
; CLK             ;                    ; User Pin ; None             ; 0.000 ns      ; 0.000 ns     ; --       ; N/A                   ; N/A                 ; N/A    ;              ;
+-----------------+--------------------+----------+------------------+---------------+--------------+----------+-----------------------+---------------------+--------+--------------+


Parallel compilation was disabled, but you have multiple processors available. Enable parallel compilation to reduce compilation time.
+-------------------------------------+
; Parallel Compilation                ;
+----------------------------+--------+
; Processors                 ; Number ;
+----------------------------+--------+
; Number detected on machine ; 8      ;
; Maximum allowed            ; 1      ;
+----------------------------+--------+


+--------------------------------------------------------------------------------------------------------------------------------------------------------------------------------------------------------------------------------------------------------------------------+
; Clock Setup: 'CLK'                                                                                                                                                                                                                                                       ;
+-------+------------------------------------------------+--------------------------------------------------+--------------------------------------------------+------------+----------+-----------------------------+---------------------------+-------------------------+
; Slack ; Actual fmax (period)                           ; From                                             ; To                                               ; From Clock ; To Clock ; Required Setup Relationship ; Required Longest P2P Time ; Actual Longest P2P Time ;
+-------+------------------------------------------------+--------------------------------------------------+--------------------------------------------------+------------+----------+-----------------------------+---------------------------+-------------------------+
; N/A   ; Restricted to 500.00 MHz ( period = 2.000 ns ) ; Block1:inst8|74161:inst|f74161:sub|9             ; Block2:inst|74161:inst|f74161:sub|99             ; CLK        ; CLK      ; None                        ; None                      ; 1.161 ns                ;
; N/A   ; Restricted to 500.00 MHz ( period = 2.000 ns ) ; Block1:inst8|74161:inst|f74161:sub|9             ; Block2:inst|74161:inst|f74161:sub|87             ; CLK        ; CLK      ; None                        ; None                      ; 1.150 ns                ;
; N/A   ; Restricted to 500.00 MHz ( period = 2.000 ns ) ; Block1:inst8|74161:inst|f74161:sub|110           ; Block2:inst|74161:inst|f74161:sub|99             ; CLK        ; CLK      ; None                        ; None                      ; 1.145 ns                ;
; N/A   ; Restricted to 500.00 MHz ( period = 2.000 ns ) ; Block1:inst8|74161:inst|f74161:sub|110           ; Block2:inst|74161:inst|f74161:sub|87             ; CLK        ; CLK      ; None                        ; None                      ; 1.134 ns                ;
; N/A   ; Restricted to 500.00 MHz ( period = 2.000 ns ) ; Block1:inst8|74161:inst|f74161:sub|110~DUPLICATE ; Block2:inst|74161:inst|f74161:sub|87             ; CLK        ; CLK      ; None                        ; None                      ; 1.090 ns                ;
; N/A   ; Restricted to 500.00 MHz ( period = 2.000 ns ) ; Block1:inst8|74161:inst|f74161:sub|110~DUPLICATE ; Block2:inst|74161:inst|f74161:sub|99             ; CLK        ; CLK      ; None                        ; None                      ; 1.081 ns                ;
; N/A   ; Restricted to 500.00 MHz ( period = 2.000 ns ) ; Block1:inst8|74161:inst|f74161:sub|110~DUPLICATE ; Block2:inst|74161:inst|f74161:sub|110            ; CLK        ; CLK      ; None                        ; None                      ; 1.080 ns                ;
; N/A   ; Restricted to 500.00 MHz ( period = 2.000 ns ) ; Block1:inst8|74161:inst|f74161:sub|9             ; Block1:inst8|74161:inst|f74161:sub|99            ; CLK        ; CLK      ; None                        ; None                      ; 1.047 ns                ;
; N/A   ; Restricted to 500.00 MHz ( period = 2.000 ns ) ; Block2:inst|74161:inst|f74161:sub|87             ; Block2:inst|74161:inst|f74161:sub|99             ; CLK        ; CLK      ; None                        ; None                      ; 1.031 ns                ;
; N/A   ; Restricted to 500.00 MHz ( period = 2.000 ns ) ; Block2:inst|74161:inst|f74161:sub|9              ; Block2:inst|74161:inst|f74161:sub|99             ; CLK        ; CLK      ; None                        ; None                      ; 0.940 ns                ;
; N/A   ; Restricted to 500.00 MHz ( period = 2.000 ns ) ; Block1:inst8|74161:inst|f74161:sub|9             ; Block2:inst|74161:inst|f74161:sub|110            ; CLK        ; CLK      ; None                        ; None                      ; 0.935 ns                ;
; N/A   ; Restricted to 500.00 MHz ( period = 2.000 ns ) ; Block2:inst|74161:inst|f74161:sub|9              ; Block2:inst|74161:inst|f74161:sub|87             ; CLK        ; CLK      ; None                        ; None                      ; 0.929 ns                ;
; N/A   ; Restricted to 500.00 MHz ( period = 2.000 ns ) ; Block2:inst|74161:inst|f74161:sub|99             ; Block2:inst|74161:inst|f74161:sub|87             ; CLK        ; CLK      ; None                        ; None                      ; 0.924 ns                ;
; N/A   ; Restricted to 500.00 MHz ( period = 2.000 ns ) ; Block2:inst|74161:inst|f74161:sub|99             ; Block2:inst|74161:inst|f74161:sub|99             ; CLK        ; CLK      ; None                        ; None                      ; 0.915 ns                ;
; N/A   ; Restricted to 500.00 MHz ( period = 2.000 ns ) ; Block2:inst|74161:inst|f74161:sub|99             ; Block2:inst|74161:inst|f74161:sub|110            ; CLK        ; CLK      ; None                        ; None                      ; 0.914 ns                ;
; N/A   ; Restricted to 500.00 MHz ( period = 2.000 ns ) ; Block1:inst8|74161:inst|f74161:sub|87            ; Block1:inst8|74161:inst|f74161:sub|99            ; CLK        ; CLK      ; None                        ; None                      ; 0.900 ns                ;
; N/A   ; Restricted to 500.00 MHz ( period = 2.000 ns ) ; Block1:inst8|74161:inst|f74161:sub|9             ; Block1:inst8|74161:inst|f74161:sub|110           ; CLK        ; CLK      ; None                        ; None                      ; 0.870 ns                ;
; N/A   ; Restricted to 500.00 MHz ( period = 2.000 ns ) ; Block1:inst8|74161:inst|f74161:sub|9             ; Block1:inst8|74161:inst|f74161:sub|110~DUPLICATE ; CLK        ; CLK      ; None                        ; None                      ; 0.868 ns                ;
; N/A   ; Restricted to 500.00 MHz ( period = 2.000 ns ) ; Block1:inst8|74161:inst|f74161:sub|9             ; Block2:inst|74161:inst|f74161:sub|9              ; CLK        ; CLK      ; None                        ; None                      ; 0.860 ns                ;
; N/A   ; Restricted to 500.00 MHz ( period = 2.000 ns ) ; Block1:inst8|74161:inst|f74161:sub|110~DUPLICATE ; Block1:inst8|74161:inst|f74161:sub|87            ; CLK        ; CLK      ; None                        ; None                      ; 0.838 ns                ;
; N/A   ; Restricted to 500.00 MHz ( period = 2.000 ns ) ; Block1:inst8|74161:inst|f74161:sub|9             ; Block1:inst8|74161:inst|f74161:sub|87            ; CLK        ; CLK      ; None                        ; None                      ; 0.732 ns                ;
; N/A   ; Restricted to 500.00 MHz ( period = 2.000 ns ) ; Block2:inst|74161:inst|f74161:sub|99             ; Block2:inst|74161:inst|f74161:sub|9              ; CLK        ; CLK      ; None                        ; None                      ; 0.725 ns                ;
; N/A   ; Restricted to 500.00 MHz ( period = 2.000 ns ) ; Block1:inst8|74161:inst|f74161:sub|87            ; Block1:inst8|74161:inst|f74161:sub|110           ; CLK        ; CLK      ; None                        ; None                      ; 0.721 ns                ;
; N/A   ; Restricted to 500.00 MHz ( period = 2.000 ns ) ; Block1:inst8|74161:inst|f74161:sub|87            ; Block1:inst8|74161:inst|f74161:sub|110~DUPLICATE ; CLK        ; CLK      ; None                        ; None                      ; 0.719 ns                ;
; N/A   ; Restricted to 500.00 MHz ( period = 2.000 ns ) ; Block2:inst|74161:inst|f74161:sub|9              ; Block2:inst|74161:inst|f74161:sub|110            ; CLK        ; CLK      ; None                        ; None                      ; 0.715 ns                ;
; N/A   ; Restricted to 500.00 MHz ( period = 2.000 ns ) ; Block1:inst8|74161:inst|f74161:sub|110           ; Block2:inst|74161:inst|f74161:sub|9              ; CLK        ; CLK      ; None                        ; None                      ; 0.711 ns                ;
; N/A   ; Restricted to 500.00 MHz ( period = 2.000 ns ) ; Block1:inst8|74161:inst|f74161:sub|110           ; Block1:inst8|74161:inst|f74161:sub|99            ; CLK        ; CLK      ; None                        ; None                      ; 0.710 ns                ;
; N/A   ; Restricted to 500.00 MHz ( period = 2.000 ns ) ; Block1:inst8|74161:inst|f74161:sub|99            ; Block1:inst8|74161:inst|f74161:sub|110           ; CLK        ; CLK      ; None                        ; None                      ; 0.680 ns                ;
; N/A   ; Restricted to 500.00 MHz ( period = 2.000 ns ) ; Block1:inst8|74161:inst|f74161:sub|99            ; Block1:inst8|74161:inst|f74161:sub|110~DUPLICATE ; CLK        ; CLK      ; None                        ; None                      ; 0.680 ns                ;
; N/A   ; Restricted to 500.00 MHz ( period = 2.000 ns ) ; Block1:inst8|74161:inst|f74161:sub|110~DUPLICATE ; Block1:inst8|74161:inst|f74161:sub|9             ; CLK        ; CLK      ; None                        ; None                      ; 0.580 ns                ;
; N/A   ; Restricted to 500.00 MHz ( period = 2.000 ns ) ; Block1:inst8|74161:inst|f74161:sub|9             ; Block1:inst8|74161:inst|f74161:sub|9             ; CLK        ; CLK      ; None                        ; None                      ; 0.488 ns                ;
; N/A   ; Restricted to 500.00 MHz ( period = 2.000 ns ) ; Block1:inst8|74161:inst|f74161:sub|99            ; Block1:inst8|74161:inst|f74161:sub|99            ; CLK        ; CLK      ; None                        ; None                      ; 0.488 ns                ;
; N/A   ; Restricted to 500.00 MHz ( period = 2.000 ns ) ; Block2:inst|74161:inst|f74161:sub|110            ; Block2:inst|74161:inst|f74161:sub|110            ; CLK        ; CLK      ; None                        ; None                      ; 0.488 ns                ;
; N/A   ; Restricted to 500.00 MHz ( period = 2.000 ns ) ; Block2:inst|74161:inst|f74161:sub|9              ; Block2:inst|74161:inst|f74161:sub|9              ; CLK        ; CLK      ; None                        ; None                      ; 0.488 ns                ;
; N/A   ; Restricted to 500.00 MHz ( period = 2.000 ns ) ; Block2:inst|74161:inst|f74161:sub|87             ; Block2:inst|74161:inst|f74161:sub|87             ; CLK        ; CLK      ; None                        ; None                      ; 0.488 ns                ;
; N/A   ; Restricted to 500.00 MHz ( period = 2.000 ns ) ; Block1:inst8|74161:inst|f74161:sub|110           ; Block1:inst8|74161:inst|f74161:sub|110           ; CLK        ; CLK      ; None                        ; None                      ; 0.396 ns                ;
; N/A   ; Restricted to 500.00 MHz ( period = 2.000 ns ) ; Block1:inst8|74161:inst|f74161:sub|87            ; Block1:inst8|74161:inst|f74161:sub|87            ; CLK        ; CLK      ; None                        ; None                      ; 0.396 ns                ;
; N/A   ; Restricted to 500.00 MHz ( period = 2.000 ns ) ; Block1:inst8|74161:inst|f74161:sub|110~DUPLICATE ; Block1:inst8|74161:inst|f74161:sub|110~DUPLICATE ; CLK        ; CLK      ; None                        ; None                      ; 0.396 ns                ;
+-------+------------------------------------------------+--------------------------------------------------+--------------------------------------------------+------------+----------+-----------------------------+---------------------------+-------------------------+


+--------------------------------------------------------------------------------------------------------+
; tsu                                                                                                    ;
+-------+--------------+------------+------+--------------------------------------------------+----------+
; Slack ; Required tsu ; Actual tsu ; From ; To                                               ; To Clock ;
+-------+--------------+------------+------+--------------------------------------------------+----------+
; N/A   ; None         ; 3.846 ns   ; D    ; Block1:inst8|74161:inst|f74161:sub|110           ; CLK      ;
; N/A   ; None         ; 3.846 ns   ; D    ; Block1:inst8|74161:inst|f74161:sub|110~DUPLICATE ; CLK      ;
; N/A   ; None         ; 3.713 ns   ; ENT  ; Block2:inst|74161:inst|f74161:sub|99             ; CLK      ;
; N/A   ; None         ; 3.702 ns   ; ENT  ; Block2:inst|74161:inst|f74161:sub|87             ; CLK      ;
; N/A   ; None         ; 3.689 ns   ; ENP  ; Block1:inst8|74161:inst|f74161:sub|99            ; CLK      ;
; N/A   ; None         ; 3.672 ns   ; D    ; Block2:inst|74161:inst|f74161:sub|110            ; CLK      ;
; N/A   ; None         ; 3.587 ns   ; ENT  ; Block1:inst8|74161:inst|f74161:sub|99            ; CLK      ;
; N/A   ; None         ; 3.511 ns   ; ENP  ; Block1:inst8|74161:inst|f74161:sub|110           ; CLK      ;
; N/A   ; None         ; 3.509 ns   ; ENP  ; Block1:inst8|74161:inst|f74161:sub|110~DUPLICATE ; CLK      ;
; N/A   ; None         ; 3.412 ns   ; B    ; Block2:inst|74161:inst|f74161:sub|87             ; CLK      ;
; N/A   ; None         ; 3.409 ns   ; ENT  ; Block1:inst8|74161:inst|f74161:sub|110           ; CLK      ;
; N/A   ; None         ; 3.407 ns   ; ENT  ; Block1:inst8|74161:inst|f74161:sub|110~DUPLICATE ; CLK      ;
; N/A   ; None         ; 3.223 ns   ; ENP  ; Block1:inst8|74161:inst|f74161:sub|87            ; CLK      ;
; N/A   ; None         ; 3.218 ns   ; ENT  ; Block1:inst8|74161:inst|f74161:sub|87            ; CLK      ;
; N/A   ; None         ; 3.209 ns   ; ENT  ; Block1:inst8|74161:inst|f74161:sub|9             ; CLK      ;
; N/A   ; None         ; 3.209 ns   ; ENT  ; Block2:inst|74161:inst|f74161:sub|9              ; CLK      ;
; N/A   ; None         ; 3.156 ns   ; A    ; Block1:inst8|74161:inst|f74161:sub|9             ; CLK      ;
; N/A   ; None         ; 3.156 ns   ; A    ; Block2:inst|74161:inst|f74161:sub|9              ; CLK      ;
; N/A   ; None         ; 3.054 ns   ; ENP  ; Block1:inst8|74161:inst|f74161:sub|9             ; CLK      ;
; N/A   ; None         ; 2.914 ns   ; C    ; Block1:inst8|74161:inst|f74161:sub|99            ; CLK      ;
; N/A   ; None         ; 2.914 ns   ; C    ; Block2:inst|74161:inst|f74161:sub|99             ; CLK      ;
; N/A   ; None         ; 2.722 ns   ; B    ; Block1:inst8|74161:inst|f74161:sub|87            ; CLK      ;
+-------+--------------+------------+------+--------------------------------------------------+----------+


+-------------------------------------------------------------------------------------------------+
; tco                                                                                             ;
+-------+--------------+------------+----------------------------------------+-------+------------+
; Slack ; Required tco ; Actual tco ; From                                   ; To    ; From Clock ;
+-------+--------------+------------+----------------------------------------+-------+------------+
; N/A   ; None         ; 6.618 ns   ; Block2:inst|74161:inst|f74161:sub|99   ; Q1[2] ; CLK        ;
; N/A   ; None         ; 6.604 ns   ; Block2:inst|74161:inst|f74161:sub|110  ; Q1[3] ; CLK        ;
; N/A   ; None         ; 6.419 ns   ; Block1:inst8|74161:inst|f74161:sub|110 ; Q0[3] ; CLK        ;
; N/A   ; None         ; 6.406 ns   ; Block1:inst8|74161:inst|f74161:sub|87  ; Q0[1] ; CLK        ;
; N/A   ; None         ; 6.396 ns   ; Block2:inst|74161:inst|f74161:sub|87   ; Q1[1] ; CLK        ;
; N/A   ; None         ; 6.393 ns   ; Block2:inst|74161:inst|f74161:sub|9    ; Q1[0] ; CLK        ;
; N/A   ; None         ; 5.979 ns   ; Block1:inst8|74161:inst|f74161:sub|99  ; Q0[2] ; CLK        ;
; N/A   ; None         ; 5.920 ns   ; Block1:inst8|74161:inst|f74161:sub|9   ; Q0[0] ; CLK        ;
+-------+--------------+------------+----------------------------------------+-------+------------+


+--------------------------------------------------------------------------------------------------------------+
; th                                                                                                           ;
+---------------+-------------+-----------+------+--------------------------------------------------+----------+
; Minimum Slack ; Required th ; Actual th ; From ; To                                               ; To Clock ;
+---------------+-------------+-----------+------+--------------------------------------------------+----------+
; N/A           ; None        ; -2.483 ns ; B    ; Block1:inst8|74161:inst|f74161:sub|87            ; CLK      ;
; N/A           ; None        ; -2.675 ns ; C    ; Block1:inst8|74161:inst|f74161:sub|99            ; CLK      ;
; N/A           ; None        ; -2.675 ns ; C    ; Block2:inst|74161:inst|f74161:sub|99             ; CLK      ;
; N/A           ; None        ; -2.815 ns ; ENP  ; Block1:inst8|74161:inst|f74161:sub|9             ; CLK      ;
; N/A           ; None        ; -2.917 ns ; A    ; Block1:inst8|74161:inst|f74161:sub|9             ; CLK      ;
; N/A           ; None        ; -2.917 ns ; A    ; Block2:inst|74161:inst|f74161:sub|9              ; CLK      ;
; N/A           ; None        ; -2.970 ns ; ENT  ; Block1:inst8|74161:inst|f74161:sub|9             ; CLK      ;
; N/A           ; None        ; -2.970 ns ; ENT  ; Block2:inst|74161:inst|f74161:sub|9              ; CLK      ;
; N/A           ; None        ; -2.979 ns ; ENT  ; Block1:inst8|74161:inst|f74161:sub|87            ; CLK      ;
; N/A           ; None        ; -2.984 ns ; ENP  ; Block1:inst8|74161:inst|f74161:sub|87            ; CLK      ;
; N/A           ; None        ; -3.168 ns ; ENT  ; Block1:inst8|74161:inst|f74161:sub|110~DUPLICATE ; CLK      ;
; N/A           ; None        ; -3.170 ns ; ENT  ; Block1:inst8|74161:inst|f74161:sub|110           ; CLK      ;
; N/A           ; None        ; -3.173 ns ; B    ; Block2:inst|74161:inst|f74161:sub|87             ; CLK      ;
; N/A           ; None        ; -3.270 ns ; ENP  ; Block1:inst8|74161:inst|f74161:sub|110~DUPLICATE ; CLK      ;
; N/A           ; None        ; -3.272 ns ; ENP  ; Block1:inst8|74161:inst|f74161:sub|110           ; CLK      ;
; N/A           ; None        ; -3.348 ns ; ENT  ; Block1:inst8|74161:inst|f74161:sub|99            ; CLK      ;
; N/A           ; None        ; -3.433 ns ; D    ; Block2:inst|74161:inst|f74161:sub|110            ; CLK      ;
; N/A           ; None        ; -3.450 ns ; ENP  ; Block1:inst8|74161:inst|f74161:sub|99            ; CLK      ;
; N/A           ; None        ; -3.463 ns ; ENT  ; Block2:inst|74161:inst|f74161:sub|87             ; CLK      ;
; N/A           ; None        ; -3.474 ns ; ENT  ; Block2:inst|74161:inst|f74161:sub|99             ; CLK      ;
; N/A           ; None        ; -3.607 ns ; D    ; Block1:inst8|74161:inst|f74161:sub|110           ; CLK      ;
; N/A           ; None        ; -3.607 ns ; D    ; Block1:inst8|74161:inst|f74161:sub|110~DUPLICATE ; CLK      ;
+---------------+-------------+-----------+------+--------------------------------------------------+----------+


+--------------------------+
; Timing Analyzer Messages ;
+--------------------------+
Info: *******************************************************************
Info: Running Quartus II Classic Timing Analyzer
    Info: Version 9.1 Build 350 03/24/2010 Service Pack 2 SJ Web Edition
    Info: Processing started: Thu May 22 23:31:59 2025
Info: Command: quartus_tan --read_settings_files=off --write_settings_files=off Homework -c Homework --timing_analysis_only
Warning: Found pins functioning as undefined clocks and/or memory enables
    Info: Assuming node "CLK" is an undefined clock
Info: Clock "CLK" Internal fmax is restricted to 500.0 MHz between source register "Block1:inst8|74161:inst|f74161:sub|9" and destination register "Block2:inst|74161:inst|f74161:sub|99"
    Info: fmax restricted to clock pin edge rate 2.0 ns. Expand message to see actual delay path.
        Info: + Longest register to register delay is 1.161 ns
            Info: 1: + IC(0.000 ns) + CELL(0.000 ns) = 0.000 ns; Loc. = LCFF_X22_Y20_N13; Fanout = 10; REG Node = 'Block1:inst8|74161:inst|f74161:sub|9'
            Info: 2: + IC(0.273 ns) + CELL(0.225 ns) = 0.498 ns; Loc. = LCCOMB_X22_Y20_N6; Fanout = 2; COMB Node = 'Block2:inst|74161:inst|f74161:sub|89~0'
            Info: 3: + IC(0.280 ns) + CELL(0.228 ns) = 1.006 ns; Loc. = LCCOMB_X22_Y20_N16; Fanout = 1; COMB Node = 'Block2:inst|74161:inst|f74161:sub|102~0'
            Info: 4: + IC(0.000 ns) + CELL(0.155 ns) = 1.161 ns; Loc. = LCFF_X22_Y20_N17; Fanout = 4; REG Node = 'Block2:inst|74161:inst|f74161:sub|99'
            Info: Total cell delay = 0.608 ns ( 52.37 % )
            Info: Total interconnect delay = 0.553 ns ( 47.63 % )
        Info: - Smallest clock skew is 0.000 ns
            Info: + Shortest clock path from clock "CLK" to destination register is 2.473 ns
                Info: 1: + IC(0.000 ns) + CELL(0.854 ns) = 0.854 ns; Loc. = PIN_N20; Fanout = 1; CLK Node = 'CLK'
                Info: 2: + IC(0.343 ns) + CELL(0.000 ns) = 1.197 ns; Loc. = CLKCTRL_G3; Fanout = 9; COMB Node = 'CLK~clkctrl'
                Info: 3: + IC(0.658 ns) + CELL(0.618 ns) = 2.473 ns; Loc. = LCFF_X22_Y20_N17; Fanout = 4; REG Node = 'Block2:inst|74161:inst|f74161:sub|99'
                Info: Total cell delay = 1.472 ns ( 59.52 % )
                Info: Total interconnect delay = 1.001 ns ( 40.48 % )
            Info: - Longest clock path from clock "CLK" to source register is 2.473 ns
                Info: 1: + IC(0.000 ns) + CELL(0.854 ns) = 0.854 ns; Loc. = PIN_N20; Fanout = 1; CLK Node = 'CLK'
                Info: 2: + IC(0.343 ns) + CELL(0.000 ns) = 1.197 ns; Loc. = CLKCTRL_G3; Fanout = 9; COMB Node = 'CLK~clkctrl'
                Info: 3: + IC(0.658 ns) + CELL(0.618 ns) = 2.473 ns; Loc. = LCFF_X22_Y20_N13; Fanout = 10; REG Node = 'Block1:inst8|74161:inst|f74161:sub|9'
                Info: Total cell delay = 1.472 ns ( 59.52 % )
                Info: Total interconnect delay = 1.001 ns ( 40.48 % )
        Info: + Micro clock to output delay of source is 0.094 ns
        Info: + Micro setup delay of destination is 0.090 ns
Info: tsu for register "Block1:inst8|74161:inst|f74161:sub|110" (data pin = "D", clock pin = "CLK") is 3.846 ns
    Info: + Longest pin to register delay is 6.229 ns
        Info: 1: + IC(0.000 ns) + CELL(0.837 ns) = 0.837 ns; Loc. = PIN_Y14; Fanout = 3; PIN Node = 'D'
        Info: 2: + IC(4.859 ns) + CELL(0.378 ns) = 6.074 ns; Loc. = LCCOMB_X22_Y20_N0; Fanout = 1; COMB Node = 'Block1:inst8|74161:inst|f74161:sub|109~0'
        Info: 3: + IC(0.000 ns) + CELL(0.155 ns) = 6.229 ns; Loc. = LCFF_X22_Y20_N1; Fanout = 4; REG Node = 'Block1:inst8|74161:inst|f74161:sub|110'
        Info: Total cell delay = 1.370 ns ( 21.99 % )
        Info: Total interconnect delay = 4.859 ns ( 78.01 % )
    Info: + Micro setup delay of destination is 0.090 ns
    Info: - Shortest clock path from clock "CLK" to destination register is 2.473 ns
        Info: 1: + IC(0.000 ns) + CELL(0.854 ns) = 0.854 ns; Loc. = PIN_N20; Fanout = 1; CLK Node = 'CLK'
        Info: 2: + IC(0.343 ns) + CELL(0.000 ns) = 1.197 ns; Loc. = CLKCTRL_G3; Fanout = 9; COMB Node = 'CLK~clkctrl'
        Info: 3: + IC(0.658 ns) + CELL(0.618 ns) = 2.473 ns; Loc. = LCFF_X22_Y20_N1; Fanout = 4; REG Node = 'Block1:inst8|74161:inst|f74161:sub|110'
        Info: Total cell delay = 1.472 ns ( 59.52 % )
        Info: Total interconnect delay = 1.001 ns ( 40.48 % )
Info: tco from clock "CLK" to destination pin "Q1[2]" through register "Block2:inst|74161:inst|f74161:sub|99" is 6.618 ns
    Info: + Longest clock path from clock "CLK" to source register is 2.473 ns
        Info: 1: + IC(0.000 ns) + CELL(0.854 ns) = 0.854 ns; Loc. = PIN_N20; Fanout = 1; CLK Node = 'CLK'
        Info: 2: + IC(0.343 ns) + CELL(0.000 ns) = 1.197 ns; Loc. = CLKCTRL_G3; Fanout = 9; COMB Node = 'CLK~clkctrl'
        Info: 3: + IC(0.658 ns) + CELL(0.618 ns) = 2.473 ns; Loc. = LCFF_X22_Y20_N17; Fanout = 4; REG Node = 'Block2:inst|74161:inst|f74161:sub|99'
        Info: Total cell delay = 1.472 ns ( 59.52 % )
        Info: Total interconnect delay = 1.001 ns ( 40.48 % )
    Info: + Micro clock to output delay of source is 0.094 ns
    Info: + Longest register to pin delay is 4.051 ns
        Info: 1: + IC(0.000 ns) + CELL(0.000 ns) = 0.000 ns; Loc. = LCFF_X22_Y20_N17; Fanout = 4; REG Node = 'Block2:inst|74161:inst|f74161:sub|99'
        Info: 2: + IC(2.053 ns) + CELL(1.998 ns) = 4.051 ns; Loc. = PIN_AA13; Fanout = 0; PIN Node = 'Q1[2]'
        Info: Total cell delay = 1.998 ns ( 49.32 % )
        Info: Total interconnect delay = 2.053 ns ( 50.68 % )
Info: th for register "Block1:inst8|74161:inst|f74161:sub|87" (data pin = "B", clock pin = "CLK") is -2.483 ns
    Info: + Longest clock path from clock "CLK" to destination register is 2.473 ns
        Info: 1: + IC(0.000 ns) + CELL(0.854 ns) = 0.854 ns; Loc. = PIN_N20; Fanout = 1; CLK Node = 'CLK'
        Info: 2: + IC(0.343 ns) + CELL(0.000 ns) = 1.197 ns; Loc. = CLKCTRL_G3; Fanout = 9; COMB Node = 'CLK~clkctrl'
        Info: 3: + IC(0.658 ns) + CELL(0.618 ns) = 2.473 ns; Loc. = LCFF_X22_Y20_N11; Fanout = 4; REG Node = 'Block1:inst8|74161:inst|f74161:sub|87'
        Info: Total cell delay = 1.472 ns ( 59.52 % )
        Info: Total interconnect delay = 1.001 ns ( 40.48 % )
    Info: + Micro hold delay of destination is 0.149 ns
    Info: - Shortest pin to register delay is 5.105 ns
        Info: 1: + IC(0.000 ns) + CELL(0.809 ns) = 0.809 ns; Loc. = PIN_B12; Fanout = 2; PIN Node = 'B'
        Info: 2: + IC(4.088 ns) + CELL(0.053 ns) = 4.950 ns; Loc. = LCCOMB_X22_Y20_N10; Fanout = 1; COMB Node = 'Block1:inst8|74161:inst|f74161:sub|92~0'
        Info: 3: + IC(0.000 ns) + CELL(0.155 ns) = 5.105 ns; Loc. = LCFF_X22_Y20_N11; Fanout = 4; REG Node = 'Block1:inst8|74161:inst|f74161:sub|87'
        Info: Total cell delay = 1.017 ns ( 19.92 % )
        Info: Total interconnect delay = 4.088 ns ( 80.08 % )
Info: Quartus II Classic Timing Analyzer was successful. 0 errors, 1 warning
    Info: Peak virtual memory: 193 megabytes
    Info: Processing ended: Thu May 22 23:32:00 2025
    Info: Elapsed time: 00:00:01
    Info: Total CPU time (on all processors): 00:00:00


